Component: ARM Compiler 5.06 update 6 (build 750) Tool: armlink [4d35ed]

==============================================================================

Section Cross References

    main.o(i.BB_Delay_bytick) refers to stm32f0xx_hal.o(i.HAL_GetTick) for HAL_GetTick
    main.o(i.BB_Delay_bytick) refers to stm32f0xx_hal.o(.data) for uwTickFreq
    main.o(i.HAL_InitTick) refers to uidiv.o(.text) for __aeabi_uidivmod
    main.o(i.HAL_InitTick) refers to stm32f0xx_hal_cortex.o(i.HAL_SYSTICK_Config) for HAL_SYSTICK_Config
    main.o(i.HAL_InitTick) refers to stm32f0xx_hal_cortex.o(i.HAL_NVIC_SetPriority) for HAL_NVIC_SetPriority
    main.o(i.HAL_InitTick) refers to stm32f0xx_hal.o(.data) for uwTickFreq
    main.o(i.HAL_InitTick) refers to system_stm32f0xx.o(.data) for SystemCoreClock
    main.o(i.SystemClock_Config) refers to memseta.o(.text) for __aeabi_memclr4
    main.o(i.SystemClock_Config) refers to stm32f0xx_hal_rcc.o(i.HAL_RCC_OscConfig) for HAL_RCC_OscConfig
    main.o(i.SystemClock_Config) refers to stm32f0xx_hal_rcc.o(i.HAL_RCC_ClockConfig) for HAL_RCC_ClockConfig
    main.o(i.SystemClock_Config) refers to stm32f0xx_hal_rcc_ex.o(i.HAL_RCCEx_PeriphCLKConfig) for HAL_RCCEx_PeriphCLKConfig
    main.o(i.Test_Delay_fix16) refers to fix16.o(i.fix16_add) for fix16_add
    main.o(i.Test_Delay_fix16) refers to fflti.o(.text) for __aeabi_i2f
    main.o(i.Test_Delay_fix16) refers to fscalb.o(.text) for __ARM_scalbnf
    main.o(i.Test_Delay_fix16) refers to fix16.o(i.fix16_sub) for fix16_sub
    main.o(i.Test_Delay_fix16) refers to fix16.o(i.fix16_mul) for fix16_mul
    main.o(i.Test_Delay_fix16) refers to fix16.o(i.fix16_div) for fix16_div
    main.o(i.Test_Delay_fix16) refers to ffltui.o(.text) for __aeabi_ui2f
    main.o(i.Test_Delay_fix16) refers to fdiv.o(.text) for __aeabi_fdiv
    main.o(i.Test_Delay_fix16) refers to f2d.o(.text) for __aeabi_f2d
    main.o(i.Test_Delay_fix16) refers to bbsensor_utilites.o(i.bb_msg) for bb_msg
    main.o(i.Test_Delay_float) refers to fadd.o(.text) for __aeabi_fadd
    main.o(i.Test_Delay_float) refers to stm32f0xx_hal.o(i.HAL_GetTick) for HAL_GetTick
    main.o(i.Test_Delay_float) refers to fmul.o(.text) for __aeabi_fmul
    main.o(i.Test_Delay_float) refers to bbsensor_utilites.o(i.bb_msg) for bb_msg
    main.o(i.Test_Delay_float) refers to fdiv.o(.text) for __aeabi_fdiv
    main.o(i.Test_Delay_float) refers to ffltui.o(.text) for __aeabi_ui2f
    main.o(i.Test_Delay_float) refers to f2d.o(.text) for __aeabi_f2d
    main.o(i.assert_failed) refers to bbsensor_utilites.o(i.bb_msg) for bb_msg
    main.o(i.bb_uart_debug_printer) refers to memcpya.o(.text) for __aeabi_memcpy4
    main.o(i.bb_uart_debug_printer) refers to printfa.o(i.__0snprintf) for __2snprintf
    main.o(i.bb_uart_debug_printer) refers to printfa.o(i.__0vsnprintf) for vsnprintf
    main.o(i.bb_uart_debug_printer) refers to stm32f0xx_hal_uart.o(i.HAL_UART_Transmit_DMA) for HAL_UART_Transmit_DMA
    main.o(i.bb_uart_debug_printer) refers to main.o(.constdata) for .constdata
    main.o(i.bb_uart_debug_printer) refers to usart.o(.bss) for huart1
    main.o(i.bb_uart_debug_printer) refers to main.o(.bss) for .bss
    main.o(i.fputc) refers to stm32f0xx_hal_uart.o(i.HAL_UART_Transmit) for HAL_UART_Transmit
    main.o(i.fputc) refers to usart.o(.bss) for huart1
    main.o(i.main) refers to stm32f0xx_hal.o(i.HAL_Init) for HAL_Init
    main.o(i.main) refers to main.o(i.SystemClock_Config) for SystemClock_Config
    main.o(i.main) refers to gpio.o(i.MX_GPIO_Init) for MX_GPIO_Init
    main.o(i.main) refers to dma.o(i.MX_DMA_Init) for MX_DMA_Init
    main.o(i.main) refers to usart.o(i.MX_USART1_UART_Init) for MX_USART1_UART_Init
    main.o(i.main) refers to bbsensor_utilites.o(i.bb_msg_setup) for bb_msg_setup
    main.o(i.main) refers to printfa.o(i.__0printf) for __2printf
    main.o(i.main) refers to fscalb.o(.text) for __ARM_scalbnf
    main.o(i.main) refers to ffixi.o(.text) for __aeabi_f2iz
    main.o(i.main) refers to bbsensor_utilites.o(i.bb_msg) for bb_msg
    main.o(i.main) refers to main.o(i.Test_Delay_float) for Test_Delay_float
    main.o(i.main) refers to main.o(i.Test_Delay_fix16) for Test_Delay_fix16
    main.o(i.main) refers to main.o(i.bb_uart_debug_printer) for bb_uart_debug_printer
    main.o(.constdata) refers to main.o(.conststring) for .conststring
    gpio.o(i.BB_SPI_CS_DISABLE) refers to stm32f0xx_hal_gpio.o(i.HAL_GPIO_WritePin) for HAL_GPIO_WritePin
    gpio.o(i.BB_SPI_CS_DISABLE) refers to bbsensor_utilites.o(i.bb_msg) for bb_msg
    gpio.o(i.BB_SPI_CS_ENABLE) refers to stm32f0xx_hal_gpio.o(i.HAL_GPIO_WritePin) for HAL_GPIO_WritePin
    gpio.o(i.BB_SPI_CS_ENABLE) refers to bbsensor_utilites.o(i.bb_msg) for bb_msg
    gpio.o(i.MX_GPIO_Init) refers to memseta.o(.text) for __aeabi_memclr4
    gpio.o(i.MX_GPIO_Init) refers to stm32f0xx_hal_gpio.o(i.HAL_GPIO_WritePin) for HAL_GPIO_WritePin
    gpio.o(i.MX_GPIO_Init) refers to stm32f0xx_hal_gpio.o(i.HAL_GPIO_Init) for HAL_GPIO_Init
[...]
    Removing stm32f0xx_hal_spi.o(i.HAL_SPI_TxRxCpltCallback), (2 bytes).
    Removing stm32f0xx_hal_spi.o(i.HAL_SPI_TxRxHalfCpltCallback), (2 bytes).
    Removing stm32f0xx_hal_spi.o(i.SPI_2linesRxISR_16BIT), (54 bytes).
    Removing stm32f0xx_hal_spi.o(i.SPI_2linesRxISR_8BIT), (96 bytes).
    Removing stm32f0xx_hal_spi.o(i.SPI_2linesTxISR_16BIT), (52 bytes).
    Removing stm32f0xx_hal_spi.o(i.SPI_2linesTxISR_8BIT), (74 bytes).
    Removing stm32f0xx_hal_spi.o(i.SPI_AbortRx_ISR), (132 bytes).
    Removing stm32f0xx_hal_spi.o(i.SPI_AbortTx_ISR), (220 bytes).
    Removing stm32f0xx_hal_spi.o(i.SPI_CloseRxTx_ISR), (82 bytes).
    Removing stm32f0xx_hal_spi.o(i.SPI_CloseRx_ISR), (66 bytes).
    Removing stm32f0xx_hal_spi.o(i.SPI_CloseTx_ISR), (80 bytes).
    Removing stm32f0xx_hal_spi.o(i.SPI_DMAError), (34 bytes).
    Removing stm32f0xx_hal_spi.o(i.SPI_DMAHalfReceiveCplt), (10 bytes).
    Removing stm32f0xx_hal_spi.o(i.SPI_DMAHalfTransmitCplt), (10 bytes).
    Removing stm32f0xx_hal_spi.o(i.SPI_DMAHalfTransmitReceiveCplt), (10 bytes).
    Removing stm32f0xx_hal_spi.o(i.SPI_DMAReceiveCplt), (88 bytes).
    Removing stm32f0xx_hal_spi.o(i.SPI_DMARxAbortCallback), (134 bytes).
    Removing stm32f0xx_hal_spi.o(i.SPI_DMATransmitCplt), (104 bytes).
    Removing stm32f0xx_hal_spi.o(i.SPI_DMATransmitReceiveCplt), (94 bytes).
    Removing stm32f0xx_hal_spi.o(i.SPI_DMATxAbortCallback), (128 bytes).
    Removing stm32f0xx_hal_spi.o(i.SPI_EndRxTransaction), (120 bytes).
    Removing stm32f0xx_hal_spi.o(i.SPI_EndRxTxTransaction), (76 bytes).
    Removing stm32f0xx_hal_spi.o(i.SPI_RxISR_16BIT), (38 bytes).
    Removing stm32f0xx_hal_spi.o(i.SPI_RxISR_8BIT), (38 bytes).
    Removing stm32f0xx_hal_spi.o(i.SPI_TxISR_16BIT), (34 bytes).
    Removing stm32f0xx_hal_spi.o(i.SPI_TxISR_8BIT), (34 bytes).
    Removing stm32f0xx_hal_spi.o(i.SPI_WaitFifoStateUntilTimeout), (144 bytes).
    Removing stm32f0xx_hal_spi.o(i.SPI_WaitFlagStateUntilTimeout), (140 bytes).
    Removing stm32f0xx_hal_spi_ex.o(.rev16_text), (4 bytes).
    Removing stm32f0xx_hal_spi_ex.o(.revsh_text), (4 bytes).
    Removing stm32f0xx_hal_spi_ex.o(i.HAL_SPIEx_FlushRxFifo), (36 bytes).
    Removing stm32f0xx_hal_tim.o(.rev16_text), (4 bytes).
    Removing stm32f0xx_hal_tim.o(.revsh_text), (4 bytes).
    Removing stm32f0xx_hal_tim.o(i.HAL_TIM_Base_DeInit), (52 bytes).
    Removing stm32f0xx_hal_tim.o(i.HAL_TIM_Base_GetState), (6 bytes).
    Removing stm32f0xx_hal_tim.o(i.HAL_TIM_Base_Init), (52 bytes).
    Removing stm32f0xx_hal_tim.o(i.HAL_TIM_Base_MspDeInit), (2 bytes).
    Removing stm32f0xx_hal_tim.o(i.HAL_TIM_Base_MspInit), (2 bytes).
    Removing stm32f0xx_hal_tim.o(i.HAL_TIM_Base_Start), (34 bytes).
    Removing stm32f0xx_hal_tim.o(i.HAL_TIM_Base_Start_DMA), (124 bytes).
    Removing stm32f0xx_hal_tim.o(i.HAL_TIM_Base_Start_IT), (32 bytes).
    Removing stm32f0xx_hal_tim.o(i.HAL_TIM_Base_Stop), (48 bytes).
    Removing stm32f0xx_hal_tim.o(i.HAL_TIM_Base_Stop_DMA), (64 bytes).
    Removing stm32f0xx_hal_tim.o(i.HAL_TIM_Base_Stop_IT), (44 bytes).
    Removing stm32f0xx_hal_tim.o(i.HAL_TIM_ConfigClockSource), (208 bytes).
    Removing stm32f0xx_hal_tim.o(i.HAL_TIM_ConfigOCrefClear), (216 bytes).
    Removing stm32f0xx_hal_tim.o(i.HAL_TIM_ConfigTI1Input), (16 bytes).
    Removing stm32f0xx_hal_tim.o(i.HAL_TIM_DMABurst_MultiReadStart), (328 bytes).
    Removing stm32f0xx_hal_tim.o(i.HAL_TIM_DMABurst_MultiWriteStart), (324 bytes).
    Removing stm32f0xx_hal_tim.o(i.HAL_TIM_DMABurst_ReadStart), (18 bytes).
    Removing stm32f0xx_hal_tim.o(i.HAL_TIM_DMABurst_ReadStop), (104 bytes).
    Removing stm32f0xx_hal_tim.o(i.HAL_TIM_DMABurst_WriteStart), (18 bytes).
    Removing stm32f0xx_hal_tim.o(i.HAL_TIM_DMABurst_WriteStop), (104 bytes).
    Removing stm32f0xx_hal_tim.o(i.HAL_TIM_Encoder_DeInit), (52 bytes).
    Removing stm32f0xx_hal_tim.o(i.HAL_TIM_Encoder_GetState), (6 bytes).
    Removing stm32f0xx_hal_tim.o(i.HAL_TIM_Encoder_Init), (156 bytes).
    Removing stm32f0xx_hal_tim.o(i.HAL_TIM_Encoder_MspDeInit), (2 bytes).
    Removing stm32f0xx_hal_tim.o(i.HAL_TIM_Encoder_MspInit), (2 bytes).
    Removing stm32f0xx_hal_tim.o(i.HAL_TIM_Encoder_Start), (52 bytes).
    Removing stm32f0xx_hal_tim.o(i.HAL_TIM_Encoder_Start_DMA), (324 bytes).
    Removing stm32f0xx_hal_tim.o(i.HAL_TIM_Encoder_Start_IT), (92 bytes).
    Removing stm32f0xx_hal_tim.o(i.HAL_TIM_Encoder_Stop), (72 bytes).
    Removing stm32f0xx_hal_tim.o(i.HAL_TIM_Encoder_Stop_DMA), (144 bytes).
    Removing stm32f0xx_hal_tim.o(i.HAL_TIM_Encoder_Stop_IT), (120 bytes).
    Removing stm32f0xx_hal_tim.o(i.HAL_TIM_ErrorCallback), (2 bytes).
    Removing stm32f0xx_hal_tim.o(i.HAL_TIM_GenerateEvent), (36 bytes).
    Removing stm32f0xx_hal_tim.o(i.HAL_TIM_IC_CaptureCallback), (2 bytes).
    Removing stm32f0xx_hal_tim.o(i.HAL_TIM_IC_CaptureHalfCpltCallback), (2 bytes).
    Removing stm32f0xx_hal_tim.o(i.HAL_TIM_IC_ConfigChannel), (288 bytes).
    Removing stm32f0xx_hal_tim.o(i.HAL_TIM_IC_DeInit), (52 bytes).
    Removing stm32f0xx_hal_tim.o(i.HAL_TIM_IC_GetState), (6 bytes).
    Removing stm32f0xx_hal_tim.o(i.HAL_TIM_IC_Init), (52 bytes).
    Removing stm32f0xx_hal_tim.o(i.HAL_TIM_IC_MspDeInit), (2 bytes).
    Removing stm32f0xx_hal_tim.o(i.HAL_TIM_IC_MspInit), (2 bytes).
    Removing stm32f0xx_hal_tim.o(i.HAL_TIM_IC_Start), (36 bytes).
    Removing stm32f0xx_hal_tim.o(i.HAL_TIM_IC_Start_DMA), (260 bytes).
    Removing stm32f0xx_hal_tim.o(i.HAL_TIM_IC_Start_IT), (82 bytes).
    Removing stm32f0xx_hal_tim.o(i.HAL_TIM_IC_Stop), (48 bytes).
    Removing stm32f0xx_hal_tim.o(i.HAL_TIM_IC_Stop_DMA), (132 bytes).
    Removing stm32f0xx_hal_tim.o(i.HAL_TIM_IC_Stop_IT), (92 bytes).
    Removing stm32f0xx_hal_tim.o(i.HAL_TIM_IRQHandler), (354 bytes).
    Removing stm32f0xx_hal_tim.o(i.HAL_TIM_OC_ConfigChannel), (80 bytes).
    Removing stm32f0xx_hal_tim.o(i.HAL_TIM_OC_DeInit), (52 bytes).
    Removing stm32f0xx_hal_tim.o(i.HAL_TIM_OC_DelayElapsedCallback), (2 bytes).
    Removing stm32f0xx_hal_tim.o(i.HAL_TIM_OC_GetState), (6 bytes).
    Removing stm32f0xx_hal_tim.o(i.HAL_TIM_OC_Init), (52 bytes).
    Removing stm32f0xx_hal_tim.o(i.HAL_TIM_OC_MspDeInit), (2 bytes).
    Removing stm32f0xx_hal_tim.o(i.HAL_TIM_OC_MspInit), (2 bytes).
    Removing stm32f0xx_hal_tim.o(i.HAL_TIM_OC_Start), (88 bytes).
    Removing stm32f0xx_hal_tim.o(i.HAL_TIM_OC_Start_DMA), (320 bytes).
    Removing stm32f0xx_hal_tim.o(i.HAL_TIM_OC_Start_IT), (136 bytes).
    Removing stm32f0xx_hal_tim.o(i.HAL_TIM_OC_Stop), (112 bytes).
    Removing stm32f0xx_hal_tim.o(i.HAL_TIM_OC_Stop_DMA), (196 bytes).
    Removing stm32f0xx_hal_tim.o(i.HAL_TIM_OC_Stop_IT), (156 bytes).
    Removing stm32f0xx_hal_tim.o(i.HAL_TIM_OnePulse_ConfigChannel), (214 bytes).
    Removing stm32f0xx_hal_tim.o(i.HAL_TIM_OnePulse_DeInit), (52 bytes).
    Removing stm32f0xx_hal_tim.o(i.HAL_TIM_OnePulse_GetState), (6 bytes).
    Removing stm32f0xx_hal_tim.o(i.HAL_TIM_OnePulse_Init), (72 bytes).
    Removing stm32f0xx_hal_tim.o(i.HAL_TIM_OnePulse_MspDeInit), (2 bytes).
    Removing stm32f0xx_hal_tim.o(i.HAL_TIM_OnePulse_MspInit), (2 bytes).
    Removing stm32f0xx_hal_tim.o(i.HAL_TIM_OnePulse_Start), (80 bytes).
    Removing stm32f0xx_hal_tim.o(i.HAL_TIM_OnePulse_Start_IT), (100 bytes).
    Removing stm32f0xx_hal_tim.o(i.HAL_TIM_OnePulse_Stop), (124 bytes).
    Removing stm32f0xx_hal_tim.o(i.HAL_TIM_OnePulse_Stop_IT), (144 bytes).
    Removing stm32f0xx_hal_tim.o(i.HAL_TIM_PWM_ConfigChannel), (208 bytes).
    Removing stm32f0xx_hal_tim.o(i.HAL_TIM_PWM_DeInit), (52 bytes).
    Removing stm32f0xx_hal_tim.o(i.HAL_TIM_PWM_GetState), (6 bytes).
    Removing stm32f0xx_hal_tim.o(i.HAL_TIM_PWM_Init), (52 bytes).
    Removing stm32f0xx_hal_tim.o(i.HAL_TIM_PWM_MspDeInit), (2 bytes).
    Removing stm32f0xx_hal_tim.o(i.HAL_TIM_PWM_MspInit), (2 bytes).
    Removing stm32f0xx_hal_tim.o(i.HAL_TIM_PWM_PulseFinishedCallback), (2 bytes).
    Removing stm32f0xx_hal_tim.o(i.HAL_TIM_PWM_PulseFinishedHalfCpltCallback), (2 bytes).
    Removing stm32f0xx_hal_tim.o(i.HAL_TIM_PWM_Start), (88 bytes).
    Removing stm32f0xx_hal_tim.o(i.HAL_TIM_PWM_Start_DMA), (320 bytes).
    Removing stm32f0xx_hal_tim.o(i.HAL_TIM_PWM_Start_IT), (136 bytes).
    Removing stm32f0xx_hal_tim.o(i.HAL_TIM_PWM_Stop), (116 bytes).
    Removing stm32f0xx_hal_tim.o(i.HAL_TIM_PWM_Stop_DMA), (196 bytes).
    Removing stm32f0xx_hal_tim.o(i.HAL_TIM_PWM_Stop_IT), (156 bytes).
    Removing stm32f0xx_hal_tim.o(i.HAL_TIM_PeriodElapsedCallback), (2 bytes).
    Removing stm32f0xx_hal_tim.o(i.HAL_TIM_PeriodElapsedHalfCpltCallback), (2 bytes).
    Removing stm32f0xx_hal_tim.o(i.HAL_TIM_ReadCapturedValue), (44 bytes).
    Removing stm32f0xx_hal_tim.o(i.HAL_TIM_SlaveConfigSynchro), (76 bytes).
    Removing stm32f0xx_hal_tim.o(i.HAL_TIM_SlaveConfigSynchro_IT), (76 bytes).
    Removing stm32f0xx_hal_tim.o(i.HAL_TIM_TriggerCallback), (2 bytes).
    Removing stm32f0xx_hal_tim.o(i.HAL_TIM_TriggerHalfCpltCallback), (2 bytes).
    Removing stm32f0xx_hal_tim.o(i.TIM_Base_SetConfig), (148 bytes).
    Removing stm32f0xx_hal_tim.o(i.TIM_CCxChannelCmd), (26 bytes).
    Removing stm32f0xx_hal_tim.o(i.TIM_DMACaptureCplt), (62 bytes).
    Removing stm32f0xx_hal_tim.o(i.TIM_DMACaptureHalfCplt), (62 bytes).
    Removing stm32f0xx_hal_tim.o(i.TIM_DMADelayPulseCplt), (62 bytes).
    Removing stm32f0xx_hal_tim.o(i.TIM_DMADelayPulseHalfCplt), (62 bytes).
    Removing stm32f0xx_hal_tim.o(i.TIM_DMAError), (16 bytes).
    Removing stm32f0xx_hal_tim.o(i.TIM_DMAPeriodElapsedCplt), (16 bytes).
    Removing stm32f0xx_hal_tim.o(i.TIM_DMAPeriodElapsedHalfCplt), (16 bytes).
    Removing stm32f0xx_hal_tim.o(i.TIM_DMATriggerCplt), (16 bytes).
    Removing stm32f0xx_hal_tim.o(i.TIM_DMATriggerHalfCplt), (16 bytes).
    Removing stm32f0xx_hal_tim.o(i.TIM_ETR_SetConfig), (22 bytes).
    Removing stm32f0xx_hal_tim.o(i.TIM_ITRx_SetConfig), (16 bytes).
    Removing stm32f0xx_hal_tim.o(i.TIM_OC1_SetConfig), (136 bytes).
    Removing stm32f0xx_hal_tim.o(i.TIM_OC2_SetConfig), (128 bytes).
    Removing stm32f0xx_hal_tim.o(i.TIM_OC3_SetConfig), (132 bytes).
    Removing stm32f0xx_hal_tim.o(i.TIM_OC4_SetConfig), (108 bytes).
    Removing stm32f0xx_hal_tim.o(i.TIM_SlaveTimer_SetConfig), (134 bytes).
    Removing stm32f0xx_hal_tim.o(i.TIM_TI1_ConfigInputStage), (34 bytes).
    Removing stm32f0xx_hal_tim.o(i.TIM_TI1_SetConfig), (88 bytes).
    Removing stm32f0xx_hal_tim.o(i.TIM_TI2_ConfigInputStage), (38 bytes).
    Removing stm32f0xx_hal_tim.o(i.TIM_TI2_SetConfig), (52 bytes).
    Removing stm32f0xx_hal_tim_ex.o(.rev16_text), (4 bytes).
    Removing stm32f0xx_hal_tim_ex.o(.revsh_text), (4 bytes).
    Removing stm32f0xx_hal_tim_ex.o(i.HAL_TIMEx_BreakCallback), (2 bytes).
    Removing stm32f0xx_hal_tim_ex.o(i.HAL_TIMEx_CommutCallback), (2 bytes).
    Removing stm32f0xx_hal_tim_ex.o(i.HAL_TIMEx_CommutHalfCpltCallback), (2 bytes).
    Removing stm32f0xx_hal_tim_ex.o(i.HAL_TIMEx_ConfigBreakDeadTime), (94 bytes).
    Removing stm32f0xx_hal_tim_ex.o(i.HAL_TIMEx_ConfigCommutEvent), (108 bytes).
    Removing stm32f0xx_hal_tim_ex.o(i.HAL_TIMEx_ConfigCommutEvent_DMA), (140 bytes).
    Removing stm32f0xx_hal_tim_ex.o(i.HAL_TIMEx_ConfigCommutEvent_IT), (108 bytes).
    Removing stm32f0xx_hal_tim_ex.o(i.HAL_TIMEx_HallSensor_DeInit), (52 bytes).
    Removing stm32f0xx_hal_tim_ex.o(i.HAL_TIMEx_HallSensor_GetState), (6 bytes).
    Removing stm32f0xx_hal_tim_ex.o(i.HAL_TIMEx_HallSensor_Init), (184 bytes).
    Removing stm32f0xx_hal_tim_ex.o(i.HAL_TIMEx_HallSensor_MspDeInit), (2 bytes).
    Removing stm32f0xx_hal_tim_ex.o(i.HAL_TIMEx_HallSensor_MspInit), (2 bytes).
    Removing stm32f0xx_hal_tim_ex.o(i.HAL_TIMEx_HallSensor_Start), (38 bytes).
    Removing stm32f0xx_hal_tim_ex.o(i.HAL_TIMEx_HallSensor_Start_DMA), (140 bytes).
    Removing stm32f0xx_hal_tim_ex.o(i.HAL_TIMEx_HallSensor_Start_IT), (48 bytes).
    Removing stm32f0xx_hal_tim_ex.o(i.HAL_TIMEx_HallSensor_Stop), (48 bytes).
    Removing stm32f0xx_hal_tim_ex.o(i.HAL_TIMEx_HallSensor_Stop_DMA), (68 bytes).
    Removing stm32f0xx_hal_tim_ex.o(i.HAL_TIMEx_HallSensor_Stop_IT), (60 bytes).
    Removing stm32f0xx_hal_tim_ex.o(i.HAL_TIMEx_MasterConfigSynchronization), (96 bytes).
    Removing stm32f0xx_hal_tim_ex.o(i.HAL_TIMEx_OCN_Start), (48 bytes).
    Removing stm32f0xx_hal_tim_ex.o(i.HAL_TIMEx_OCN_Start_DMA), (240 bytes).
    Removing stm32f0xx_hal_tim_ex.o(i.HAL_TIMEx_OCN_Start_IT), (94 bytes).
    Removing stm32f0xx_hal_tim_ex.o(i.HAL_TIMEx_OCN_Stop), (76 bytes).
    Removing stm32f0xx_hal_tim_ex.o(i.HAL_TIMEx_OCN_Stop_DMA), (144 bytes).
    Removing stm32f0xx_hal_tim_ex.o(i.HAL_TIMEx_OCN_Stop_IT), (128 bytes).
    Removing stm32f0xx_hal_tim_ex.o(i.HAL_TIMEx_OnePulseN_Start), (28 bytes).
    Removing stm32f0xx_hal_tim_ex.o(i.HAL_TIMEx_OnePulseN_Start_IT), (48 bytes).
    Removing stm32f0xx_hal_tim_ex.o(i.HAL_TIMEx_OnePulseN_Stop), (76 bytes).
    Removing stm32f0xx_hal_tim_ex.o(i.HAL_TIMEx_OnePulseN_Stop_IT), (96 bytes).
    Removing stm32f0xx_hal_tim_ex.o(i.HAL_TIMEx_PWMN_Start), (48 bytes).
    Removing stm32f0xx_hal_tim_ex.o(i.HAL_TIMEx_PWMN_Start_DMA), (240 bytes).
    Removing stm32f0xx_hal_tim_ex.o(i.HAL_TIMEx_PWMN_Start_IT), (94 bytes).
    Removing stm32f0xx_hal_tim_ex.o(i.HAL_TIMEx_PWMN_Stop), (76 bytes).
    Removing stm32f0xx_hal_tim_ex.o(i.HAL_TIMEx_PWMN_Stop_DMA), (144 bytes).
    Removing stm32f0xx_hal_tim_ex.o(i.HAL_TIMEx_PWMN_Stop_IT), (128 bytes).
    Removing stm32f0xx_hal_tim_ex.o(i.HAL_TIMEx_RemapConfig), (28 bytes).
    Removing stm32f0xx_hal_tim_ex.o(i.TIMEx_DMACommutationCplt), (16 bytes).
    Removing stm32f0xx_hal_tim_ex.o(i.TIMEx_DMACommutationHalfCplt), (16 bytes).
    Removing stm32f0xx_hal_tim_ex.o(i.TIM_CCxNChannelCmd), (26 bytes).
    Removing stm32f0xx_hal_uart.o(.rev16_text), (4 bytes).
    Removing stm32f0xx_hal_uart.o(.revsh_text), (4 bytes).
    Removing stm32f0xx_hal_uart.o(i.HAL_HalfDuplex_EnableReceiver), (54 bytes).
    Removing stm32f0xx_hal_uart.o(i.HAL_HalfDuplex_EnableTransmitter), (54 bytes).
    Removing stm32f0xx_hal_uart.o(i.HAL_HalfDuplex_Init), (116 bytes).
    Removing stm32f0xx_hal_uart.o(i.HAL_LIN_Init), (146 bytes).
    Removing stm32f0xx_hal_uart.o(i.HAL_LIN_SendBreak), (44 bytes).
    Removing stm32f0xx_hal_uart.o(i.HAL_MultiProcessor_DisableMuteMode), (46 bytes).
    Removing stm32f0xx_hal_uart.o(i.HAL_MultiProcessor_EnableMuteMode), (46 bytes).
    Removing stm32f0xx_hal_uart.o(i.HAL_MultiProcessor_EnterMuteMode), (12 bytes).
    Removing stm32f0xx_hal_uart.o(i.HAL_MultiProcessor_Init), (142 bytes).
    Removing stm32f0xx_hal_uart.o(i.HAL_UART_Abort), (162 bytes).
    Removing stm32f0xx_hal_uart.o(i.HAL_UART_AbortCpltCallback), (2 bytes).
    Removing stm32f0xx_hal_uart.o(i.HAL_UART_AbortReceive), (110 bytes).
    Removing stm32f0xx_hal_uart.o(i.HAL_UART_AbortReceiveCpltCallback), (2 bytes).
    Removing stm32f0xx_hal_uart.o(i.HAL_UART_AbortReceive_IT), (124 bytes).
    Removing stm32f0xx_hal_uart.o(i.HAL_UART_AbortTransmit), (82 bytes).
    Removing stm32f0xx_hal_uart.o(i.HAL_UART_AbortTransmitCpltCallback), (2 bytes).
    Removing stm32f0xx_hal_uart.o(i.HAL_UART_AbortTransmit_IT), (88 bytes).
    Removing stm32f0xx_hal_uart.o(i.HAL_UART_Abort_IT), (204 bytes).
    Removing stm32f0xx_hal_uart.o(i.HAL_UART_DMAPause), (94 bytes).
    Removing stm32f0xx_hal_uart.o(i.HAL_UART_DMAResume), (86 bytes).
    Removing stm32f0xx_hal_uart.o(i.HAL_UART_DMAStop), (122 bytes).
    Removing stm32f0xx_hal_uart.o(i.HAL_UART_DeInit), (58 bytes).
    Removing stm32f0xx_hal_uart.o(i.HAL_UART_DisableReceiverTimeout), (52 bytes).
    Removing stm32f0xx_hal_uart.o(i.HAL_UART_EnableReceiverTimeout), (52 bytes).
    Removing stm32f0xx_hal_uart.o(i.HAL_UART_GetError), (4 bytes).
    Removing stm32f0xx_hal_uart.o(i.HAL_UART_GetState), (10 bytes).
    Removing stm32f0xx_hal_uart.o(i.HAL_UART_MspDeInit), (2 bytes).
    Removing stm32f0xx_hal_uart.o(i.HAL_UART_MspInit), (2 bytes).
    Removing stm32f0xx_hal_uart.o(i.HAL_UART_Receive), (240 bytes).
    Removing stm32f0xx_hal_uart.o(i.HAL_UART_Receive_DMA), (184 bytes).
    Removing stm32f0xx_hal_uart.o(i.HAL_UART_Receive_IT), (172 bytes).
    Removing stm32f0xx_hal_uart.o(i.HAL_UART_ReceiverTimeout_Config), (14 bytes).
    Removing stm32f0xx_hal_uart.o(i.HAL_UART_RxCpltCallback), (2 bytes).
    Removing stm32f0xx_hal_uart.o(i.HAL_UART_RxHalfCpltCallback), (2 bytes).
    Removing stm32f0xx_hal_uart.o(i.HAL_UART_Transmit_IT), (120 bytes).
    Removing stm32f0xx_hal_uart.o(i.UART_DMAReceiveCplt), (60 bytes).
    Removing stm32f0xx_hal_uart.o(i.UART_DMARxAbortCallback), (60 bytes).
    Removing stm32f0xx_hal_uart.o(i.UART_DMARxHalfCplt), (10 bytes).
    Removing stm32f0xx_hal_uart.o(i.UART_DMARxOnlyAbortCallback), (36 bytes).
    Removing stm32f0xx_hal_uart.o(i.UART_DMATxAbortCallback), (50 bytes).
    Removing stm32f0xx_hal_uart.o(i.UART_DMATxOnlyAbortCallback), (20 bytes).
    Removing stm32f0xx_hal_uart.o(i.UART_RxISR_16BIT), (88 bytes).
    Removing stm32f0xx_hal_uart.o(i.UART_RxISR_8BIT), (88 bytes).
    Removing stm32f0xx_hal_uart.o(i.UART_TxISR_16BIT), (64 bytes).
    Removing stm32f0xx_hal_uart.o(i.UART_TxISR_8BIT), (60 bytes).
    Removing stm32f0xx_hal_uart_ex.o(.rev16_text), (4 bytes).
    Removing stm32f0xx_hal_uart_ex.o(.revsh_text), (4 bytes).
    Removing stm32f0xx_hal_uart_ex.o(i.HAL_MultiProcessorEx_AddressLength_Set), (52 bytes).
    Removing stm32f0xx_hal_uart_ex.o(i.HAL_RS485Ex_Init), (136 bytes).
    Removing stm32f0xx_hal_uart_ex.o(i.HAL_UARTEx_DisableStopMode), (34 bytes).
    Removing stm32f0xx_hal_uart_ex.o(i.HAL_UARTEx_EnableStopMode), (34 bytes).
    Removing stm32f0xx_hal_uart_ex.o(i.HAL_UARTEx_StopModeWakeUpSourceConfig), (152 bytes).
    Removing system_stm32f0xx.o(.rev16_text), (4 bytes).
    Removing system_stm32f0xx.o(.revsh_text), (4 bytes).
    Removing system_stm32f0xx.o(i.SystemCoreClockUpdate), (108 bytes).
    Removing dflti.o(.text), (40 bytes).
    Removing dfixui.o(.text), (60 bytes).
    Removing dscalb.o(.text), (44 bytes).
    Removing dsqrt.o(.text), (162 bytes).
    Removing cdcmple.o(.text), (40 bytes).
    Removing icm42605selftest.o(i.__ARM_common_switch8), (26 bytes).

586 unused section(s) (total 51324 bytes) removed from the image.

==============================================================================

Image Symbol Table

    Local Symbols

    Symbol Name                              Value     Ov Type        Size  Object(Section)

    ../Core/Src/dma.c                        0x00000000   Number         0  dma.o ABSOLUTE
    ../Core/Src/gpio.c                       0x00000000   Number         0  gpio.o ABSOLUTE
    ../Core/Src/i2c.c                        0x00000000   Number         0  i2c.o ABSOLUTE
    ../Core/Src/main.c                       0x00000000   Number         0  main.o ABSOLUTE
    ../Core/Src/spi.c                        0x00000000   Number         0  spi.o ABSOLUTE
    ../Core/Src/stm32f0xx_hal_msp.c          0x00000000   Number         0  stm32f0xx_hal_msp.o ABSOLUTE
    ../Core/Src/stm32f0xx_it.c               0x00000000   Number         0  stm32f0xx_it.o ABSOLUTE
    ../Core/Src/system_stm32f0xx.c           0x00000000   Number         0  system_stm32f0xx.o ABSOLUTE
    ../Core/Src/usart.c                      0x00000000   Number         0  usart.o ABSOLUTE
    ../Drivers/STM32F0xx_HAL_Driver/Src/stm32f0xx_hal.c 0x00000000   Number         0  stm32f0xx_hal.o ABSOLUTE
    ../Drivers/STM32F0xx_HAL_Driver/Src/stm32f0xx_hal_cortex.c 0x00000000   Number         0  stm32f0xx_hal_cortex.o ABSOLUTE
    ../Drivers/STM32F0xx_HAL_Driver/Src/stm32f0xx_hal_dma.c 0x00000000   Number         0  stm32f0xx_hal_dma.o ABSOLUTE
    ../Drivers/STM32F0xx_HAL_Driver/Src/stm32f0xx_hal_exti.c 0x00000000   Number         0  stm32f0xx_hal_exti.o ABSOLUTE
    ../Drivers/STM32F0xx_HAL_Driver/Src/stm32f0xx_hal_flash.c 0x00000000   Number         0  stm32f0xx_hal_flash.o ABSOLUTE
    ../Drivers/STM32F0xx_HAL_Driver/Src/stm32f0xx_hal_flash_ex.c 0x00000000   Number         0  stm32f0xx_hal_flash_ex.o ABSOLUTE
    ../Drivers/STM32F0xx_HAL_Driver/Src/stm32f0xx_hal_gpio.c 0x00000000   Number         0  stm32f0xx_hal_gpio.o ABSOLUTE
    ../Drivers/STM32F0xx_HAL_Driver/Src/stm32f0xx_hal_i2c.c 0x00000000   Number         0  stm32f0xx_hal_i2c.o ABSOLUTE
    ../Drivers/STM32F0xx_HAL_Driver/Src/stm32f0xx_hal_i2c_ex.c 0x00000000   Number         0  stm32f0xx_hal_i2c_ex.o ABSOLUTE
    ../Drivers/STM32F0xx_HAL_Driver/Src/stm32f0xx_hal_pwr.c 0x00000000   Number         0  stm32f0xx_hal_pwr.o ABSOLUTE
    ../Drivers/STM32F0xx_HAL_Driver/Src/stm32f0xx_hal_pwr_ex.c 0x00000000   Number         0  stm32f0xx_hal_pwr_ex.o ABSOLUTE
    ../Drivers/STM32F0xx_HAL_Driver/Src/stm32f0xx_hal_rcc.c 0x00000000   Number         0  stm32f0xx_hal_rcc.o ABSOLUTE
    ../Drivers/STM32F0xx_HAL_Driver/Src/stm32f0xx_hal_rcc_ex.c 0x00000000   Number         0  stm32f0xx_hal_rcc_ex.o ABSOLUTE
    ../Drivers/STM32F0xx_HAL_Driver/Src/stm32f0xx_hal_spi.c 0x00000000   Number         0  stm32f0xx_hal_spi.o ABSOLUTE
    ../Drivers/STM32F0xx_HAL_Driver/Src/stm32f0xx_hal_spi_ex.c 0x00000000   Number         0  stm32f0xx_hal_spi_ex.o ABSOLUTE
    ../Drivers/STM32F0xx_HAL_Driver/Src/stm32f0xx_hal_tim.c 0x00000000   Number         0  stm32f0xx_hal_tim.o ABSOLUTE
    ../Drivers/STM32F0xx_HAL_Driver/Src/stm32f0xx_hal_tim_ex.c 0x00000000   Number         0  stm32f0xx_hal_tim_ex.o ABSOLUTE
    ../Drivers/STM32F0xx_HAL_Driver/Src/stm32f0xx_hal_uart.c 0x00000000   Number         0  stm32f0xx_hal_uart.o ABSOLUTE
    ../Drivers/STM32F0xx_HAL_Driver/Src/stm32f0xx_hal_uart_ex.c 0x00000000   Number         0  stm32f0xx_hal_uart_ex.o ABSOLUTE
    ../clib/microlib/division.c              0x00000000   Number         0  uidiv.o ABSOLUTE
    ../clib/microlib/division.c              0x00000000   Number         0  idiv.o ABSOLUTE
    ../clib/microlib/division.c              0x00000000   Number         0  uldiv.o ABSOLUTE
    ../clib/microlib/errno.c                 0x00000000   Number         0  errno.o ABSOLUTE
    ../clib/microlib/init/entry.s            0x00000000   Number         0  entry7b.o ABSOLUTE
    ../clib/microlib/init/entry.s            0x00000000   Number         0  entry.o ABSOLUTE
    ../clib/microlib/init/entry.s            0x00000000   Number         0  entry8b.o ABSOLUTE
    ../clib/microlib/init/entry.s            0x00000000   Number         0  entry8a.o ABSOLUTE
    ../clib/microlib/init/entry.s            0x00000000   Number         0  entry9a.o ABSOLUTE
    ../clib/microlib/init/entry.s            0x00000000   Number         0  entry2.o ABSOLUTE
    ../clib/microlib/init/entry.s            0x00000000   Number         0  entry5.o ABSOLUTE
    ../clib/microlib/init/entry.s            0x00000000   Number         0  entry10a.o ABSOLUTE
    ../clib/microlib/init/entry.s            0x00000000   Number         0  entry10b.o ABSOLUTE
    ../clib/microlib/init/entry.s            0x00000000   Number         0  entry11a.o ABSOLUTE
    ../clib/microlib/init/entry.s            0x00000000   Number         0  entry11b.o ABSOLUTE
    ../clib/microlib/init/entry.s            0x00000000   Number         0  entry9b.o ABSOLUTE
    ../clib/microlib/init/entry.s            0x00000000   Number         0  entry7a.o ABSOLUTE
    ../clib/microlib/longlong.c              0x00000000   Number         0  llushr.o ABSOLUTE
    ../clib/microlib/longlong.c              0x00000000   Number         0  llmul.o ABSOLUTE
    ../clib/microlib/longlong.c              0x00000000   Number         0  llshl.o ABSOLUTE
    ../clib/microlib/longlong.c              0x00000000   Number         0  llsshr.o ABSOLUTE
    ../clib/microlib/printf/printf.c         0x00000000   Number         0  printfb.o ABSOLUTE
    ../clib/microlib/printf/printf.c         0x00000000   Number         0  printf3.o ABSOLUTE
    ../clib/microlib/printf/printf.c         0x00000000   Number         0  printf0.o ABSOLUTE
    ../clib/microlib/printf/printf.c         0x00000000   Number         0  printf1.o ABSOLUTE
    ../clib/microlib/printf/printf.c         0x00000000   Number         0  printfa.o ABSOLUTE
    ../clib/microlib/printf/printf.c         0x00000000   Number         0  printf8.o ABSOLUTE
    ../clib/microlib/printf/printf.c         0x00000000   Number         0  printf2.o ABSOLUTE
    ../clib/microlib/printf/printf.c         0x00000000   Number         0  printf7.o ABSOLUTE
    ../clib/microlib/printf/printf.c         0x00000000   Number         0  printf6.o ABSOLUTE
    ../clib/microlib/printf/printf.c         0x00000000   Number         0  printf5.o ABSOLUTE
    ../clib/microlib/printf/printf.c         0x00000000   Number         0  printf4.o ABSOLUTE
    ../clib/microlib/printf/stubs.s          0x00000000   Number         0  stubs.o ABSOLUTE
    ../clib/microlib/stdio/streams.c         0x00000000   Number         0  stdout.o ABSOLUTE
    ../clib/microlib/string/memcpy.c         0x00000000   Number         0  memcpyb.o ABSOLUTE
    ../clib/microlib/string/memcpy.c         0x00000000   Number         0  memcpya.o ABSOLUTE
    ../clib/microlib/string/memset.c         0x00000000   Number         0  memseta.o ABSOLUTE
    ../clib/microlib/stubs.s                 0x00000000   Number         0  iusefp.o ABSOLUTE
    ../fplib/microlib/f2d.c                  0x00000000   Number         0  f2d.o ABSOLUTE
    ../fplib/microlib/fpadd.c                0x00000000   Number         0  fadd.o ABSOLUTE
    ../fplib/microlib/fpadd.c                0x00000000   Number         0  dadd.o ABSOLUTE
    ../fplib/microlib/fpdiv.c                0x00000000   Number         0  fdiv.o ABSOLUTE
    ../fplib/microlib/fpdiv.c                0x00000000   Number         0  ddiv.o ABSOLUTE
    ../fplib/microlib/fpepilogue.c           0x00000000   Number         0  fepilogue.o ABSOLUTE
    ../fplib/microlib/fpepilogue.c           0x00000000   Number         0  depilogue.o ABSOLUTE
    ../fplib/microlib/fpfix.c                0x00000000   Number         0  dfixul.o ABSOLUTE
    ../fplib/microlib/fpfix.c                0x00000000   Number         0  dfixui.o ABSOLUTE
    ../fplib/microlib/fpfix.c                0x00000000   Number         0  ffixi.o ABSOLUTE
    ../fplib/microlib/fpflt.c                0x00000000   Number         0  dflti.o ABSOLUTE
    ../fplib/microlib/fpflt.c                0x00000000   Number         0  ffltui.o ABSOLUTE
    ../fplib/microlib/fpflt.c                0x00000000   Number         0  fflti.o ABSOLUTE
    ../fplib/microlib/fpmul.c                0x00000000   Number         0  dmul.o ABSOLUTE
    ../fplib/microlib/fpmul.c                0x00000000   Number         0  fmul.o ABSOLUTE
    ../fplib/microlib/fpscalb.c              0x00000000   Number         0  fscalb.o ABSOLUTE
    ../fplib/microlib/fpscalb.c              0x00000000   Number         0  dscalb.o ABSOLUTE
    ../fplib/microlib/fpsqrt.c               0x00000000   Number         0  dsqrt.o ABSOLUTE
    ../mathlib/dunder.c                      0x00000000   Number         0  dunder.o ABSOLUTE
    ../mathlib/fpclassify.c                  0x00000000   Number         0  fpclassify.o ABSOLUTE
    ../mathlib/poly.c                        0x00000000   Number         0  poly.o ABSOLUTE
    ../mathlib/pow.c                         0x00000000   Number         0  pow.o ABSOLUTE
    ../mathlib/pow.c                         0x00000000   Number         0  pow_x.o ABSOLUTE
    ../mathlib/qnan.c                        0x00000000   Number         0  qnan.o ABSOLUTE
    ../mathlib/sqrt.c                        0x00000000   Number         0  sqrt_x.o ABSOLUTE
    ../mathlib/sqrt.c                        0x00000000   Number         0  sqrt.o ABSOLUTE
    ..\..\IMU\app\inv_app.c                  0x00000000   Number         0  inv_app.o ABSOLUTE
    ..\..\IMU\drivers\icm426xx\ICM42605.c    0x00000000   Number         0  icm42605.o ABSOLUTE
    ..\..\IMU\drivers\icm426xx\icm42605SelfTest.c 0x00000000   Number         0  icm42605selftest.o ABSOLUTE
    ..\..\IMU\utilites\anoupper\ano_bbuf.c   0x00000000   Number         0  ano_bbuf.o ABSOLUTE
    ..\..\IMU\utilites\bbsensor_utilites.c   0x00000000   Number         0  bbsensor_utilites.o ABSOLUTE
    ..\..\reference\libfixmath-master\libfixmath\fix16.c 0x00000000   Number         0  fix16.o ABSOLUTE
    ..\Core\Src\dma.c                        0x00000000   Number         0  dma.o ABSOLUTE
    ..\Core\Src\gpio.c                       0x00000000   Number         0  gpio.o ABSOLUTE
    ..\Core\Src\i2c.c                        0x00000000   Number         0  i2c.o ABSOLUTE
    ..\Core\Src\main.c                       0x00000000   Number         0  main.o ABSOLUTE
    ..\Core\Src\private_debug.c              0x00000000   Number         0  private_debug.o ABSOLUTE
    ..\Core\Src\spi.c                        0x00000000   Number         0  spi.o ABSOLUTE
    ..\Core\Src\stm32f0xx_hal_msp.c          0x00000000   Number         0  stm32f0xx_hal_msp.o ABSOLUTE
    ..\Core\Src\stm32f0xx_it.c               0x00000000   Number         0  stm32f0xx_it.o ABSOLUTE
    ..\Core\Src\system_stm32f0xx.c           0x00000000   Number         0  system_stm32f0xx.o ABSOLUTE
    ..\Core\Src\usart.c                      0x00000000   Number         0  usart.o ABSOLUTE
    ..\Drivers\STM32F0xx_HAL_Driver\Src\stm32f0xx_hal.c 0x00000000   Number         0  stm32f0xx_hal.o ABSOLUTE
    ..\Drivers\STM32F0xx_HAL_Driver\Src\stm32f0xx_hal_cortex.c 0x00000000   Number         0  stm32f0xx_hal_cortex.o ABSOLUTE
    ..\Drivers\STM32F0xx_HAL_Driver\Src\stm32f0xx_hal_dma.c 0x00000000   Number         0  stm32f0xx_hal_dma.o ABSOLUTE
    ..\Drivers\STM32F0xx_HAL_Driver\Src\stm32f0xx_hal_exti.c 0x00000000   Number         0  stm32f0xx_hal_exti.o ABSOLUTE
    ..\Drivers\STM32F0xx_HAL_Driver\Src\stm32f0xx_hal_flash.c 0x00000000   Number         0  stm32f0xx_hal_flash.o ABSOLUTE
    ..\Drivers\STM32F0xx_HAL_Driver\Src\stm32f0xx_hal_flash_ex.c 0x00000000   Number         0  stm32f0xx_hal_flash_ex.o ABSOLUTE
    ..\Drivers\STM32F0xx_HAL_Driver\Src\stm32f0xx_hal_gpio.c 0x00000000   Number         0  stm32f0xx_hal_gpio.o ABSOLUTE
    ..\Drivers\STM32F0xx_HAL_Driver\Src\stm32f0xx_hal_i2c.c 0x00000000   Number         0  stm32f0xx_hal_i2c.o ABSOLUTE
    ..\Drivers\STM32F0xx_HAL_Driver\Src\stm32f0xx_hal_i2c_ex.c 0x00000000   Number         0  stm32f0xx_hal_i2c_ex.o ABSOLUTE
    ..\Drivers\STM32F0xx_HAL_Driver\Src\stm32f0xx_hal_pwr.c 0x00000000   Number         0  stm32f0xx_hal_pwr.o ABSOLUTE
    ..\Drivers\STM32F0xx_HAL_Driver\Src\stm32f0xx_hal_pwr_ex.c 0x00000000   Number         0  stm32f0xx_hal_pwr_ex.o ABSOLUTE
    ..\Drivers\STM32F0xx_HAL_Driver\Src\stm32f0xx_hal_rcc.c 0x00000000   Number         0  stm32f0xx_hal_rcc.o ABSOLUTE
    ..\Drivers\STM32F0xx_HAL_Driver\Src\stm32f0xx_hal_rcc_ex.c 0x00000000   Number         0  stm32f0xx_hal_rcc_ex.o ABSOLUTE
    ..\Drivers\STM32F0xx_HAL_Driver\Src\stm32f0xx_hal_spi.c 0x00000000   Number         0  stm32f0xx_hal_spi.o ABSOLUTE
    ..\Drivers\STM32F0xx_HAL_Driver\Src\stm32f0xx_hal_spi_ex.c 0x00000000   Number         0  stm32f0xx_hal_spi_ex.o ABSOLUTE
    ..\Drivers\STM32F0xx_HAL_Driver\Src\stm32f0xx_hal_tim.c 0x00000000   Number         0  stm32f0xx_hal_tim.o ABSOLUTE
    ..\Drivers\STM32F0xx_HAL_Driver\Src\stm32f0xx_hal_tim_ex.c 0x00000000   Number         0  stm32f0xx_hal_tim_ex.o ABSOLUTE
    ..\Drivers\STM32F0xx_HAL_Driver\Src\stm32f0xx_hal_uart.c 0x00000000   Number         0  stm32f0xx_hal_uart.o ABSOLUTE
    ..\Drivers\STM32F0xx_HAL_Driver\Src\stm32f0xx_hal_uart_ex.c 0x00000000   Number         0  stm32f0xx_hal_uart_ex.o ABSOLUTE
    ..\\..\\IMU\\app\\inv_app.c              0x00000000   Number         0  inv_app.o ABSOLUTE
    ..\\..\\IMU\\drivers\\icm426xx\\ICM42605.c 0x00000000   Number         0  icm42605.o ABSOLUTE
    ..\\..\\IMU\\drivers\\icm426xx\\icm42605SelfTest.c 0x00000000   Number         0  icm42605selftest.o ABSOLUTE
    ..\\..\\IMU\\utilites\\anoupper\\ano_bbuf.c 0x00000000   Number         0  ano_bbuf.o ABSOLUTE
    cdcmple.s                                0x00000000   Number         0  cdcmple.o ABSOLUTE
    cdrcmple.s                               0x00000000   Number         0  cdrcmple.o ABSOLUTE
    dc.s                                     0x00000000   Number         0  dc.o ABSOLUTE
    handlers.s                               0x00000000   Number         0  handlers.o ABSOLUTE
    init.s                                   0x00000000   Number         0  init.o ABSOLUTE
    startup_stm32f051x8.s                    0x00000000   Number         0  startup_stm32f051x8.o ABSOLUTE
    RESET                                    0x08000000   Section      188  startup_stm32f051x8.o(RESET)
    .ARM.Collect$$$$00000000                 0x080000bc   Section        0  entry.o(.ARM.Collect$$$$00000000)
    .ARM.Collect$$$$00000001                 0x080000bc   Section        4  entry2.o(.ARM.Collect$$$$00000001)
    .ARM.Collect$$$$00000004                 0x080000c0   Section        4  entry5.o(.ARM.Collect$$$$00000004)
    .ARM.Collect$$$$00000008                 0x080000c4   Section        0  entry7b.o(.ARM.Collect$$$$00000008)
    .ARM.Collect$$$$0000000A                 0x080000c4   Section        0  entry8b.o(.ARM.Collect$$$$0000000A)
    .ARM.Collect$$$$0000000B                 0x080000c4   Section        8  entry9a.o(.ARM.Collect$$$$0000000B)
    .ARM.Collect$$$$0000000D                 0x080000cc   Section        0  entry10a.o(.ARM.Collect$$$$0000000D)
    .ARM.Collect$$$$0000000F                 0x080000cc   Section        0  entry11a.o(.ARM.Collect$$$$0000000F)
    .ARM.Collect$$$$00002712                 0x080000cc   Section        4  entry2.o(.ARM.Collect$$$$00002712)
    __lit__00000000                          0x080000cc   Data           4  entry2.o(.ARM.Collect$$$$00002712)
    .text                                    0x080000d0   Section       28  startup_stm32f051x8.o(.text)
    .text                                    0x080000ec   Section        0  uidiv.o(.text)
    .text                                    0x08000118   Section        0  uldiv.o(.text)
    .text                                    0x08000178   Section        0  llushr.o(.text)
    .text                                    0x0800019a   Section        0  memcpya.o(.text)
    .text                                    0x080001be   Section        0  memseta.o(.text)
    .text                                    0x080001e2   Section        0  fadd.o(.text)
    .text                                    0x08000294   Section        0  fmul.o(.text)
    .text                                    0x0800030e   Section        0  fdiv.o(.text)
    .text                                    0x0800038a   Section        0  fscalb.o(.text)
    .text                                    0x080003a4   Section        0  dadd.o(.text)
    .text                                    0x08000508   Section        0  dmul.o(.text)
    .text                                    0x080005d8   Section        0  fflti.o(.text)
    .text                                    0x080005ee   Section        0  ffltui.o(.text)
    .text                                    0x080005fc   Section        0  ffixi.o(.text)
    .text                                    0x0800062e   Section        0  f2d.o(.text)
    .text                                    0x08000656   Section        0  llshl.o(.text)
    .text                                    0x08000676   Section        0  llsshr.o(.text)
    .text                                    0x0800069c   Section        0  iusefp.o(.text)
    .text                                    0x0800069c   Section        0  fepilogue.o(.text)
    .text                                    0x0800071e   Section        0  depilogue.o(.text)
    .text                                    0x080007dc   Section        0  ddiv.o(.text)
    .text                                    0x080008cc   Section        0  dfixul.o(.text)
    .text                                    0x0800090c   Section       40  cdrcmple.o(.text)
    .text                                    0x08000934   Section       36  init.o(.text)
    i.DMA1_Channel2_3_IRQHandler             0x08000958   Section        0  stm32f0xx_it.o(i.DMA1_Channel2_3_IRQHandler)
    i.DMA1_Channel4_5_IRQHandler             0x0800097c   Section        0  stm32f0xx_it.o(i.DMA1_Channel4_5_IRQHandler)
    i.DMA_CalcBaseAndBitshift                0x08000994   Section        0  stm32f0xx_hal_dma.o(i.DMA_CalcBaseAndBitshift)
    DMA_CalcBaseAndBitshift                  0x08000995   Thumb Code    26  stm32f0xx_hal_dma.o(i.DMA_CalcBaseAndBitshift)
    i.DMA_SetConfig                          0x080009b8   Section        0  stm32f0xx_hal_dma.o(i.DMA_SetConfig)
    DMA_SetConfig                            0x080009b9   Thumb Code    40  stm32f0xx_hal_dma.o(i.DMA_SetConfig)
    i.EXTI0_1_IRQHandler                     0x080009e0   Section        0  stm32f0xx_it.o(i.EXTI0_1_IRQHandler)
    i.Error_Handler                          0x080009f0   Section        0  main.o(i.Error_Handler)
    i.HAL_DMA_Abort_IT                       0x080009f2   Section        0  stm32f0xx_hal_dma.o(i.HAL_DMA_Abort_IT)
    i.HAL_DMA_IRQHandler                     0x08000a3a   Section        0  stm32f0xx_hal_dma.o(i.HAL_DMA_IRQHandler)
    i.HAL_DMA_Init                           0x08000ad8   Section        0  stm32f0xx_hal_dma.o(i.HAL_DMA_Init)
    i.HAL_DMA_Start_IT                       0x08000b2c   Section        0  stm32f0xx_hal_dma.o(i.HAL_DMA_Start_IT)
    i.HAL_GPIO_EXTI_Callback                 0x08000b96   Section        0  stm32f0xx_hal_gpio.o(i.HAL_GPIO_EXTI_Callback)
    i.HAL_GPIO_EXTI_IRQHandler               0x08000b98   Section        0  stm32f0xx_hal_gpio.o(i.HAL_GPIO_EXTI_IRQHandler)
    i.HAL_GPIO_Init                          0x08000bb0   Section        0  stm32f0xx_hal_gpio.o(i.HAL_GPIO_Init)
    i.HAL_GPIO_TogglePin                     0x08000cf8   Section        0  stm32f0xx_hal_gpio.o(i.HAL_GPIO_TogglePin)
    i.HAL_GPIO_WritePin                      0x08000d04   Section        0  stm32f0xx_hal_gpio.o(i.HAL_GPIO_WritePin)
    i.HAL_GetTick                            0x08000d10   Section        0  stm32f0xx_hal.o(i.HAL_GetTick)
    i.HAL_IncTick                            0x08000d1c   Section        0  stm32f0xx_hal.o(i.HAL_IncTick)
    i.HAL_Init                               0x08000d2c   Section        0  stm32f0xx_hal.o(i.HAL_Init)
    i.HAL_InitTick                           0x08000d4c   Section        0  main.o(i.HAL_InitTick)
    i.HAL_MspInit                            0x08000d94   Section        0  stm32f0xx_hal_msp.o(i.HAL_MspInit)
    i.HAL_NVIC_EnableIRQ                     0x08000dbc   Section        0  stm32f0xx_hal_cortex.o(i.HAL_NVIC_EnableIRQ)
    i.HAL_NVIC_SetPriority                   0x08000dd4   Section        0  stm32f0xx_hal_cortex.o(i.HAL_NVIC_SetPriority)
    i.HAL_RCCEx_PeriphCLKConfig              0x08000ddc   Section        0  stm32f0xx_hal_rcc_ex.o(i.HAL_RCCEx_PeriphCLKConfig)
    i.HAL_RCC_ClockConfig                    0x08000ed4   Section        0  stm32f0xx_hal_rcc.o(i.HAL_RCC_ClockConfig)
    i.HAL_RCC_GetPCLK1Freq                   0x08000fdc   Section        0  stm32f0xx_hal_rcc.o(i.HAL_RCC_GetPCLK1Freq)
    i.HAL_RCC_GetSysClockFreq                0x08000ffc   Section        0  stm32f0xx_hal_rcc.o(i.HAL_RCC_GetSysClockFreq)
    i.HAL_RCC_OscConfig                      0x0800107c   Section        0  stm32f0xx_hal_rcc.o(i.HAL_RCC_OscConfig)
    i.HAL_SPI_ErrorCallback                  0x08001404   Section        0  spi.o(i.HAL_SPI_ErrorCallback)
    i.HAL_SPI_IRQHandler                     0x08001408   Section        0  stm32f0xx_hal_spi.o(i.HAL_SPI_IRQHandler)
    i.HAL_SYSTICK_Config                     0x08001500   Section        0  stm32f0xx_hal_cortex.o(i.HAL_SYSTICK_Config)
    i.HAL_UARTEx_WakeupCallback              0x08001530   Section        0  stm32f0xx_hal_uart_ex.o(i.HAL_UARTEx_WakeupCallback)
    i.HAL_UART_ErrorCallback                 0x08001532   Section        0  stm32f0xx_hal_uart.o(i.HAL_UART_ErrorCallback)
    i.HAL_UART_IRQHandler                    0x08001534   Section        0  stm32f0xx_hal_uart.o(i.HAL_UART_IRQHandler)
    i.HAL_UART_Init                          0x08001694   Section        0  stm32f0xx_hal_uart.o(i.HAL_UART_Init)
    i.HAL_UART_MspInit                       0x08001700   Section        0  usart.o(i.HAL_UART_MspInit)
    i.HAL_UART_Transmit                      0x080017e8   Section        0  stm32f0xx_hal_uart.o(i.HAL_UART_Transmit)
    i.HAL_UART_Transmit_DMA                  0x080018b8   Section        0  stm32f0xx_hal_uart.o(i.HAL_UART_Transmit_DMA)
    i.HAL_UART_TxCpltCallback                0x08001964   Section        0  stm32f0xx_hal_uart.o(i.HAL_UART_TxCpltCallback)
    i.HAL_UART_TxHalfCpltCallback            0x08001966   Section        0  stm32f0xx_hal_uart.o(i.HAL_UART_TxHalfCpltCallback)
    i.HardFault_Handler                      0x08001968   Section        0  stm32f0xx_it.o(i.HardFault_Handler)
    i.MX_DMA_Init                            0x0800196c   Section        0  dma.o(i.MX_DMA_Init)
    i.MX_GPIO_Init                           0x080019a4   Section        0  gpio.o(i.MX_GPIO_Init)
    i.MX_USART1_UART_Init                    0x08001a58   Section        0  usart.o(i.MX_USART1_UART_Init)
    i.NMI_Handler                            0x08001a90   Section        0  stm32f0xx_it.o(i.NMI_Handler)
    i.PendSV_Handler                         0x08001a92   Section        0  stm32f0xx_it.o(i.PendSV_Handler)
    i.SPI1_IRQHandler                        0x08001a94   Section        0  stm32f0xx_it.o(i.SPI1_IRQHandler)
    i.SPI_DMAAbortOnError                    0x08001aa4   Section        0  stm32f0xx_hal_spi.o(i.SPI_DMAAbortOnError)
    SPI_DMAAbortOnError                      0x08001aa5   Thumb Code    18  stm32f0xx_hal_spi.o(i.SPI_DMAAbortOnError)
    i.SVC_Handler                            0x08001ab6   Section        0  stm32f0xx_it.o(i.SVC_Handler)
    i.SysTick_Handler                        0x08001ab8   Section        0  stm32f0xx_it.o(i.SysTick_Handler)
    i.SystemClock_Config                     0x08001ac0   Section        0  main.o(i.SystemClock_Config)
    i.SystemInit                             0x08001b24   Section        0  system_stm32f0xx.o(i.SystemInit)
    i.Test_Delay_fix16                       0x08001b28   Section        0  main.o(i.Test_Delay_fix16)
    i.Test_Delay_float                       0x08001d00   Section        0  main.o(i.Test_Delay_float)
    i.UART_AdvFeatureConfig                  0x08001ee0   Section        0  stm32f0xx_hal_uart.o(i.UART_AdvFeatureConfig)
    i.UART_CheckIdleState                    0x08001fac   Section        0  stm32f0xx_hal_uart.o(i.UART_CheckIdleState)
    i.UART_DMAAbortOnError                   0x0800200c   Section        0  stm32f0xx_hal_uart.o(i.UART_DMAAbortOnError)
    UART_DMAAbortOnError                     0x0800200d   Thumb Code    20  stm32f0xx_hal_uart.o(i.UART_DMAAbortOnError)
    i.UART_DMAError                          0x08002020   Section        0  stm32f0xx_hal_uart.o(i.UART_DMAError)
    UART_DMAError                            0x08002021   Thumb Code    72  stm32f0xx_hal_uart.o(i.UART_DMAError)
    i.UART_DMATransmitCplt                   0x08002068   Section        0  stm32f0xx_hal_uart.o(i.UART_DMATransmitCplt)
    UART_DMATransmitCplt                     0x08002069   Thumb Code    46  stm32f0xx_hal_uart.o(i.UART_DMATransmitCplt)
    i.UART_DMATxHalfCplt                     0x08002096   Section        0  stm32f0xx_hal_uart.o(i.UART_DMATxHalfCplt)
    UART_DMATxHalfCplt                       0x08002097   Thumb Code    10  stm32f0xx_hal_uart.o(i.UART_DMATxHalfCplt)
    i.UART_EndRxTransfer                     0x080020a0   Section        0  stm32f0xx_hal_uart.o(i.UART_EndRxTransfer)
    UART_EndRxTransfer                       0x080020a1   Thumb Code    32  stm32f0xx_hal_uart.o(i.UART_EndRxTransfer)
    i.UART_EndTxTransfer                     0x080020c0   Section        0  stm32f0xx_hal_uart.o(i.UART_EndTxTransfer)
    UART_EndTxTransfer                       0x080020c1   Thumb Code    16  stm32f0xx_hal_uart.o(i.UART_EndTxTransfer)
    i.UART_SetConfig                         0x080020d0   Section        0  stm32f0xx_hal_uart.o(i.UART_SetConfig)
    i.UART_WaitOnFlagUntilTimeout            0x08002218   Section        0  stm32f0xx_hal_uart.o(i.UART_WaitOnFlagUntilTimeout)
    i.USART1_IRQHandler                      0x080022b4   Section        0  stm32f0xx_it.o(i.USART1_IRQHandler)
    i.__0printf                              0x080022c4   Section        0  printfa.o(i.__0printf)
    i.__0snprintf                            0x080022e4   Section        0  printfa.o(i.__0snprintf)
    i.__0vsnprintf                           0x08002318   Section        0  printfa.o(i.__0vsnprintf)
    i.__ARM_clz                              0x08002344   Section        0  depilogue.o(i.__ARM_clz)
    i.__ARM_common_ll_mulss                  0x08002372   Section        0  fix16.o(i.__ARM_common_ll_mulss)
    i.__ARM_common_ll_muluu                  0x080023a2   Section        0  fix16.o(i.__ARM_common_ll_muluu)
    i.__NVIC_SetPriority                     0x080023d4   Section        0  stm32f0xx_hal_cortex.o(i.__NVIC_SetPriority)
    __NVIC_SetPriority                       0x080023d5   Thumb Code    60  stm32f0xx_hal_cortex.o(i.__NVIC_SetPriority)
    i.__scatterload_copy                     0x08002418   Section       14  handlers.o(i.__scatterload_copy)
    i.__scatterload_null                     0x08002426   Section        2  handlers.o(i.__scatterload_null)
    i.__scatterload_zeroinit                 0x08002428   Section       14  handlers.o(i.__scatterload_zeroinit)
    i._fp_digits                             0x08002438   Section        0  printfa.o(i._fp_digits)
    _fp_digits                               0x08002439   Thumb Code   344  printfa.o(i._fp_digits)
    i._printf_core                           0x080025ac   Section        0  printfa.o(i._printf_core)
    _printf_core                             0x080025ad   Thumb Code  1754  printfa.o(i._printf_core)
    i._printf_post_padding                   0x08002c98   Section        0  printfa.o(i._printf_post_padding)
    _printf_post_padding                     0x08002c99   Thumb Code    32  printfa.o(i._printf_post_padding)
    i._printf_pre_padding                    0x08002cb8   Section        0  printfa.o(i._printf_pre_padding)
    _printf_pre_padding                      0x08002cb9   Thumb Code    44  printfa.o(i._printf_pre_padding)
    i._snputc                                0x08002ce4   Section        0  printfa.o(i._snputc)
    _snputc                                  0x08002ce5   Thumb Code    22  printfa.o(i._snputc)
    i.bb_msg                                 0x08002cfc   Section        0  bbsensor_utilites.o(i.bb_msg)
    i.bb_msg_setup                           0x08002d24   Section        0  bbsensor_utilites.o(i.bb_msg_setup)
    i.bb_uart_debug_printer                  0x08002d40   Section        0  main.o(i.bb_uart_debug_printer)
    i.fix16_add                              0x08002dc8   Section        0  fix16.o(i.fix16_add)
    i.fix16_div                              0x08002dda   Section        0  fix16.o(i.fix16_div)
    i.fix16_mul                              0x08002ea2   Section        0  fix16.o(i.fix16_mul)
    i.fix16_sub                              0x08002ed8   Section        0  fix16.o(i.fix16_sub)
    i.fputc                                  0x08002eec   Section        0  main.o(i.fputc)
    i.main                                   0x08002f04   Section        0  main.o(i.main)
    .constdata                               0x08003034   Section       24  main.o(.constdata)
    .constdata                               0x0800304c   Section       16  system_stm32f0xx.o(.constdata)
    .constdata                               0x0800305c   Section        8  system_stm32f0xx.o(.constdata)
    .conststring                             0x08003064   Section       21  main.o(.conststring)
    .data                                    0x20000000   Section        8  bbsensor_utilites.o(.data)
    msg_level                                0x20000000   Data           4  bbsensor_utilites.o(.data)
    msg_printer                              0x20000004   Data           4  bbsensor_utilites.o(.data)
    .data                                    0x20000008   Section       12  stm32f0xx_hal.o(.data)
    .data                                    0x20000014   Section        4  system_stm32f0xx.o(.data)
    .data                                    0x20000018   Section        4  stdout.o(.data)
    .bss                                     0x2000001c   Section      128  main.o(.bss)
    out_str                                  0x2000001c   Data         128  main.o(.bss)
    .bss                                     0x2000009c   Section      236  spi.o(.bss)
    .bss                                     0x20000188   Section      264  usart.o(.bss)
    STACK                                    0x20000290   Section     1024  startup_stm32f051x8.o(STACK)

    Global Symbols

    Symbol Name                              Value     Ov Type        Size  Object(Section)

    BuildAttributes$$THM_ISAv3M$S$PE$A:L22$X:L11$S22$IEEE1$IW$USESV6$~STKCKD$USESV7$~SHL$OTIME$ROPI$IEEEX$EBA8$MICROLIB$REQ8$PRES8$EABIv2 0x00000000   Number         0  anon$$obj.o ABSOLUTE
    __ARM_use_no_argv                        0x00000000   Number         0  main.o ABSOLUTE
    _printf_a                                0x00000000   Number         0  stubs.o ABSOLUTE
    _printf_c                                0x00000000   Number         0  stubs.o ABSOLUTE
    _printf_charcount                        0x00000000   Number         0  stubs.o ABSOLUTE
    _printf_d                                0x00000000   Number         0  stubs.o ABSOLUTE
    _printf_e                                0x00000000   Number         0  stubs.o ABSOLUTE
    _printf_f                                0x00000000   Number         0  stubs.o ABSOLUTE
    _printf_flags                            0x00000000   Number         0  stubs.o ABSOLUTE
    _printf_fp_dec                           0x00000000   Number         0  stubs.o ABSOLUTE
    _printf_fp_hex                           0x00000000   Number         0  stubs.o ABSOLUTE
    _printf_g                                0x00000000   Number         0  stubs.o ABSOLUTE
    _printf_i                                0x00000000   Number         0  stubs.o ABSOLUTE
    _printf_int_dec                          0x00000000   Number         0  stubs.o ABSOLUTE
    _printf_l                                0x00000000   Number         0  stubs.o ABSOLUTE
    _printf_lc                               0x00000000   Number         0  stubs.o ABSOLUTE
    _printf_ll                               0x00000000   Number         0  stubs.o ABSOLUTE
    _printf_lld                              0x00000000   Number         0  stubs.o ABSOLUTE
    _printf_lli                              0x00000000   Number         0  stubs.o ABSOLUTE
    _printf_llo                              0x00000000   Number         0  stubs.o ABSOLUTE
    _printf_llu                              0x00000000   Number         0  stubs.o ABSOLUTE
    _printf_llx                              0x00000000   Number         0  stubs.o ABSOLUTE
    _printf_longlong_dec                     0x00000000   Number         0  stubs.o ABSOLUTE
    _printf_longlong_hex                     0x00000000   Number         0  stubs.o ABSOLUTE
    _printf_longlong_oct                     0x00000000   Number         0  stubs.o ABSOLUTE
    _printf_ls                               0x00000000   Number         0  stubs.o ABSOLUTE
    _printf_mbtowc                           0x00000000   Number         0  stubs.o ABSOLUTE
    _printf_n                                0x00000000   Number         0  stubs.o ABSOLUTE
    _printf_o                                0x00000000   Number         0  stubs.o ABSOLUTE
    _printf_p                                0x00000000   Number         0  stubs.o ABSOLUTE
    _printf_percent                          0x00000000   Number         0  stubs.o ABSOLUTE
    _printf_pre_padding                      0x00000000   Number         0  stubs.o ABSOLUTE
    _printf_return_value                     0x00000000   Number         0  stubs.o ABSOLUTE
    _printf_s                                0x00000000   Number         0  stubs.o ABSOLUTE
    _printf_sizespec                         0x00000000   Number         0  stubs.o ABSOLUTE
    _printf_str                              0x00000000   Number         0  stubs.o ABSOLUTE
    _printf_truncate_signed                  0x00000000   Number         0  stubs.o ABSOLUTE
    _printf_truncate_unsigned                0x00000000   Number         0  stubs.o ABSOLUTE
    _printf_u                                0x00000000   Number         0  stubs.o ABSOLUTE
    _printf_wc                               0x00000000   Number         0  stubs.o ABSOLUTE
    _printf_wctomb                           0x00000000   Number         0  stubs.o ABSOLUTE
    _printf_widthprec                        0x00000000   Number         0  stubs.o ABSOLUTE
    _printf_x                                0x00000000   Number         0  stubs.o ABSOLUTE
    __cpp_initialize__aeabi_                  - Undefined Weak Reference
    __cxa_finalize                            - Undefined Weak Reference
    __decompress                              - Undefined Weak Reference
    _clock_init                               - Undefined Weak Reference
    _microlib_exit                            - Undefined Weak Reference
    __Vectors_Size                           0x000000bc   Number         0  startup_stm32f051x8.o ABSOLUTE
    __Vectors                                0x08000000   Data           4  startup_stm32f051x8.o(RESET)
    __Vectors_End                            0x080000bc   Data           0  startup_stm32f051x8.o(RESET)
    __main                                   0x080000bd   Thumb Code     0  entry.o(.ARM.Collect$$$$00000000)
    _main_stk                                0x080000bd   Thumb Code     0  entry2.o(.ARM.Collect$$$$00000001)
    _main_scatterload                        0x080000c1   Thumb Code     0  entry5.o(.ARM.Collect$$$$00000004)
    __main_after_scatterload                 0x080000c5   Thumb Code     0  entry5.o(.ARM.Collect$$$$00000004)
    _main_clock                              0x080000c5   Thumb Code     0  entry7b.o(.ARM.Collect$$$$00000008)
    _main_cpp_init                           0x080000c5   Thumb Code     0  entry8b.o(.ARM.Collect$$$$0000000A)
    _main_init                               0x080000c5   Thumb Code     0  entry9a.o(.ARM.Collect$$$$0000000B)
    __rt_final_cpp                           0x080000cd   Thumb Code     0  entry10a.o(.ARM.Collect$$$$0000000D)
    __rt_final_exit                          0x080000cd   Thumb Code     0  entry11a.o(.ARM.Collect$$$$0000000F)
    Reset_Handler                            0x080000d1   Thumb Code     8  startup_stm32f051x8.o(.text)
    ADC1_COMP_IRQHandler                     0x080000e3   Thumb Code     0  startup_stm32f051x8.o(.text)
    CEC_IRQHandler                           0x080000e3   Thumb Code     0  startup_stm32f051x8.o(.text)
    DMA1_Channel1_IRQHandler                 0x080000e3   Thumb Code     0  startup_stm32f051x8.o(.text)
    EXTI2_3_IRQHandler                       0x080000e3   Thumb Code     0  startup_stm32f051x8.o(.text)
    EXTI4_15_IRQHandler                      0x080000e3   Thumb Code     0  startup_stm32f051x8.o(.text)
    FLASH_IRQHandler                         0x080000e3   Thumb Code     0  startup_stm32f051x8.o(.text)
    I2C1_IRQHandler                          0x080000e3   Thumb Code     0  startup_stm32f051x8.o(.text)
    I2C2_IRQHandler                          0x080000e3   Thumb Code     0  startup_stm32f051x8.o(.text)
    PVD_IRQHandler                           0x080000e3   Thumb Code     0  startup_stm32f051x8.o(.text)
    RCC_IRQHandler                           0x080000e3   Thumb Code     0  startup_stm32f051x8.o(.text)
    RTC_IRQHandler                           0x080000e3   Thumb Code     0  startup_stm32f051x8.o(.text)
    SPI2_IRQHandler                          0x080000e3   Thumb Code     0  startup_stm32f051x8.o(.text)
    TIM14_IRQHandler                         0x080000e3   Thumb Code     0  startup_stm32f051x8.o(.text)
    TIM15_IRQHandler                         0x080000e3   Thumb Code     0  startup_stm32f051x8.o(.text)
    TIM16_IRQHandler                         0x080000e3   Thumb Code     0  startup_stm32f051x8.o(.text)
    TIM17_IRQHandler                         0x080000e3   Thumb Code     0  startup_stm32f051x8.o(.text)
    TIM1_BRK_UP_TRG_COM_IRQHandler           0x080000e3   Thumb Code     0  startup_stm32f051x8.o(.text)
    TIM1_CC_IRQHandler                       0x080000e3   Thumb Code     0  startup_stm32f051x8.o(.text)
    TIM2_IRQHandler                          0x080000e3   Thumb Code     0  startup_stm32f051x8.o(.text)
    TIM3_IRQHandler                          0x080000e3   Thumb Code     0  startup_stm32f051x8.o(.text)
    TIM6_DAC_IRQHandler                      0x080000e3   Thumb Code     0  startup_stm32f051x8.o(.text)
    TSC_IRQHandler                           0x080000e3   Thumb Code     0  startup_stm32f051x8.o(.text)
    USART2_IRQHandler                        0x080000e3   Thumb Code     0  startup_stm32f051x8.o(.text)
    WWDG_IRQHandler                          0x080000e3   Thumb Code     0  startup_stm32f051x8.o(.text)
    __aeabi_uidiv                            0x080000ed   Thumb Code     0  uidiv.o(.text)
    __aeabi_uidivmod                         0x080000ed   Thumb Code    44  uidiv.o(.text)
    __aeabi_uldivmod                         0x08000119   Thumb Code    96  uldiv.o(.text)
    __aeabi_llsr                             0x08000179   Thumb Code    34  llushr.o(.text)
    _ll_ushift_r                             0x08000179   Thumb Code     0  llushr.o(.text)
    __aeabi_memcpy                           0x0800019b   Thumb Code    36  memcpya.o(.text)
    __aeabi_memcpy4                          0x0800019b   Thumb Code     0  memcpya.o(.text)
    __aeabi_memcpy8                          0x0800019b   Thumb Code     0  memcpya.o(.text)
    __aeabi_memset                           0x080001bf   Thumb Code    14  memseta.o(.text)
    __aeabi_memset4                          0x080001bf   Thumb Code     0  memseta.o(.text)
    __aeabi_memset8                          0x080001bf   Thumb Code     0  memseta.o(.text)
    __aeabi_memclr                           0x080001cd   Thumb Code     4  memseta.o(.text)
    __aeabi_memclr4                          0x080001cd   Thumb Code     0  memseta.o(.text)
    __aeabi_memclr8                          0x080001cd   Thumb Code     0  memseta.o(.text)
    _memset$wrapper                          0x080001d1   Thumb Code    18  memseta.o(.text)
    __aeabi_fadd                             0x080001e3   Thumb Code   162  fadd.o(.text)
    __aeabi_fsub                             0x08000285   Thumb Code     8  fadd.o(.text)
    __aeabi_frsub                            0x0800028d   Thumb Code     8  fadd.o(.text)
    __aeabi_fmul                             0x08000295   Thumb Code   122  fmul.o(.text)
    __aeabi_fdiv                             0x0800030f   Thumb Code   124  fdiv.o(.text)
    __ARM_scalbnf                            0x0800038b   Thumb Code    24  fscalb.o(.text)
    scalbnf                                  0x0800038b   Thumb Code     0  fscalb.o(.text)
    __aeabi_dadd                             0x080003a5   Thumb Code   328  dadd.o(.text)
    __aeabi_dsub                             0x080004ed   Thumb Code    12  dadd.o(.text)
    __aeabi_drsub                            0x080004f9   Thumb Code    12  dadd.o(.text)
    __aeabi_dmul                             0x08000509   Thumb Code   202  dmul.o(.text)
    __aeabi_i2f                              0x080005d9   Thumb Code    22  fflti.o(.text)
    __aeabi_ui2f                             0x080005ef   Thumb Code    14  ffltui.o(.text)
    __aeabi_f2iz                             0x080005fd   Thumb Code    50  ffixi.o(.text)
    __aeabi_f2d                              0x0800062f   Thumb Code    40  f2d.o(.text)
    __aeabi_llsl                             0x08000657   Thumb Code    32  llshl.o(.text)
    _ll_shift_l                              0x08000657   Thumb Code     0  llshl.o(.text)
    __aeabi_lasr                             0x08000677   Thumb Code    38  llsshr.o(.text)
    _ll_sshift_r                             0x08000677   Thumb Code     0  llsshr.o(.text)
    __I$use$fp                               0x0800069d   Thumb Code     0  iusefp.o(.text)
    _float_round                             0x0800069d   Thumb Code    16  fepilogue.o(.text)
    _float_epilogue                          0x080006ad   Thumb Code   114  fepilogue.o(.text)
    _double_round                            0x0800071f   Thumb Code    26  depilogue.o(.text)
    _double_epilogue                         0x08000739   Thumb Code   164  depilogue.o(.text)
    __aeabi_ddiv                             0x080007dd   Thumb Code   234  ddiv.o(.text)
    __aeabi_d2ulz                            0x080008cd   Thumb Code    54  dfixul.o(.text)
    __aeabi_cdrcmple                         0x0800090d   Thumb Code    38  cdrcmple.o(.text)
    __scatterload                            0x08000935   Thumb Code    28  init.o(.text)
    __scatterload_rt2                        0x08000935   Thumb Code     0  init.o(.text)
    DMA1_Channel2_3_IRQHandler               0x08000959   Thumb Code    26  stm32f0xx_it.o(i.DMA1_Channel2_3_IRQHandler)
    DMA1_Channel4_5_IRQHandler               0x0800097d   Thumb Code    16  stm32f0xx_it.o(i.DMA1_Channel4_5_IRQHandler)
    EXTI0_1_IRQHandler                       0x080009e1   Thumb Code    16  stm32f0xx_it.o(i.EXTI0_1_IRQHandler)
    Error_Handler                            0x080009f1   Thumb Code     2  main.o(i.Error_Handler)
    HAL_DMA_Abort_IT                         0x080009f3   Thumb Code    72  stm32f0xx_hal_dma.o(i.HAL_DMA_Abort_IT)
    HAL_DMA_IRQHandler                       0x08000a3b   Thumb Code   156  stm32f0xx_hal_dma.o(i.HAL_DMA_IRQHandler)
    HAL_DMA_Init                             0x08000ad9   Thumb Code    78  stm32f0xx_hal_dma.o(i.HAL_DMA_Init)
    HAL_DMA_Start_IT                         0x08000b2d   Thumb Code   106  stm32f0xx_hal_dma.o(i.HAL_DMA_Start_IT)
    HAL_GPIO_EXTI_Callback                   0x08000b97   Thumb Code     2  stm32f0xx_hal_gpio.o(i.HAL_GPIO_EXTI_Callback)
    HAL_GPIO_EXTI_IRQHandler                 0x08000b99   Thumb Code    18  stm32f0xx_hal_gpio.o(i.HAL_GPIO_EXTI_IRQHandler)
    HAL_GPIO_Init                            0x08000bb1   Thumb Code   302  stm32f0xx_hal_gpio.o(i.HAL_GPIO_Init)
    HAL_GPIO_TogglePin                       0x08000cf9   Thumb Code    12  stm32f0xx_hal_gpio.o(i.HAL_GPIO_TogglePin)
    HAL_GPIO_WritePin                        0x08000d05   Thumb Code    12  stm32f0xx_hal_gpio.o(i.HAL_GPIO_WritePin)
    HAL_GetTick                              0x08000d11   Thumb Code     6  stm32f0xx_hal.o(i.HAL_GetTick)
    HAL_IncTick                              0x08000d1d   Thumb Code    12  stm32f0xx_hal.o(i.HAL_IncTick)
    HAL_Init                                 0x08000d2d   Thumb Code    26  stm32f0xx_hal.o(i.HAL_Init)
    HAL_InitTick                             0x08000d4d   Thumb Code    60  main.o(i.HAL_InitTick)
    HAL_MspInit                              0x08000d95   Thumb Code    34  stm32f0xx_hal_msp.o(i.HAL_MspInit)
    HAL_NVIC_EnableIRQ                       0x08000dbd   Thumb Code    18  stm32f0xx_hal_cortex.o(i.HAL_NVIC_EnableIRQ)
    HAL_NVIC_SetPriority                     0x08000dd5   Thumb Code     8  stm32f0xx_hal_cortex.o(i.HAL_NVIC_SetPriority)
    HAL_RCCEx_PeriphCLKConfig                0x08000ddd   Thumb Code   236  stm32f0xx_hal_rcc_ex.o(i.HAL_RCCEx_PeriphCLKConfig)
    HAL_RCC_ClockConfig                      0x08000ed5   Thumb Code   242  stm32f0xx_hal_rcc.o(i.HAL_RCC_ClockConfig)
    HAL_RCC_GetPCLK1Freq                     0x08000fdd   Thumb Code    20  stm32f0xx_hal_rcc.o(i.HAL_RCC_GetPCLK1Freq)
    HAL_RCC_GetSysClockFreq                  0x08000ffd   Thumb Code    84  stm32f0xx_hal_rcc.o(i.HAL_RCC_GetSysClockFreq)
    HAL_RCC_OscConfig                        0x0800107d   Thumb Code   890  stm32f0xx_hal_rcc.o(i.HAL_RCC_OscConfig)
    HAL_SPI_ErrorCallback                    0x08001405   Thumb Code     2  spi.o(i.HAL_SPI_ErrorCallback)
    HAL_SPI_IRQHandler                       0x08001409   Thumb Code   244  stm32f0xx_hal_spi.o(i.HAL_SPI_IRQHandler)
    HAL_SYSTICK_Config                       0x08001501   Thumb Code    38  stm32f0xx_hal_cortex.o(i.HAL_SYSTICK_Config)
    HAL_UARTEx_WakeupCallback                0x08001531   Thumb Code     2  stm32f0xx_hal_uart_ex.o(i.HAL_UARTEx_WakeupCallback)
    HAL_UART_ErrorCallback                   0x08001533   Thumb Code     2  stm32f0xx_hal_uart.o(i.HAL_UART_ErrorCallback)
    HAL_UART_IRQHandler                      0x08001535   Thumb Code   342  stm32f0xx_hal_uart.o(i.HAL_UART_IRQHandler)
    HAL_UART_Init                            0x08001695   Thumb Code   106  stm32f0xx_hal_uart.o(i.HAL_UART_Init)
    HAL_UART_MspInit                         0x08001701   Thumb Code   212  usart.o(i.HAL_UART_MspInit)
    HAL_UART_Transmit                        0x080017e9   Thumb Code   206  stm32f0xx_hal_uart.o(i.HAL_UART_Transmit)
    HAL_UART_Transmit_DMA                    0x080018b9   Thumb Code   158  stm32f0xx_hal_uart.o(i.HAL_UART_Transmit_DMA)
    HAL_UART_TxCpltCallback                  0x08001965   Thumb Code     2  stm32f0xx_hal_uart.o(i.HAL_UART_TxCpltCallback)
    HAL_UART_TxHalfCpltCallback              0x08001967   Thumb Code     2  stm32f0xx_hal_uart.o(i.HAL_UART_TxHalfCpltCallback)
    HardFault_Handler                        0x08001969   Thumb Code     2  stm32f0xx_it.o(i.HardFault_Handler)
    MX_DMA_Init                              0x0800196d   Thumb Code    52  dma.o(i.MX_DMA_Init)
    MX_GPIO_Init                             0x080019a5   Thumb Code   168  gpio.o(i.MX_GPIO_Init)
    MX_USART1_UART_Init                      0x08001a59   Thumb Code    48  usart.o(i.MX_USART1_UART_Init)
    NMI_Handler                              0x08001a91   Thumb Code     2  stm32f0xx_it.o(i.NMI_Handler)
    PendSV_Handler                           0x08001a93   Thumb Code     2  stm32f0xx_it.o(i.PendSV_Handler)
    SPI1_IRQHandler                          0x08001a95   Thumb Code    10  stm32f0xx_it.o(i.SPI1_IRQHandler)
    SVC_Handler                              0x08001ab7   Thumb Code     2  stm32f0xx_it.o(i.SVC_Handler)
    SysTick_Handler                          0x08001ab9   Thumb Code     8  stm32f0xx_it.o(i.SysTick_Handler)
    SystemClock_Config                       0x08001ac1   Thumb Code   100  main.o(i.SystemClock_Config)
    SystemInit                               0x08001b25   Thumb Code     2  system_stm32f0xx.o(i.SystemInit)
    Test_Delay_fix16                         0x08001b29   Thumb Code   314  main.o(i.Test_Delay_fix16)
    Test_Delay_float                         0x08001d01   Thumb Code   304  main.o(i.Test_Delay_float)
    UART_AdvFeatureConfig                    0x08001ee1   Thumb Code   202  stm32f0xx_hal_uart.o(i.UART_AdvFeatureConfig)
    UART_CheckIdleState                      0x08001fad   Thumb Code    90  stm32f0xx_hal_uart.o(i.UART_CheckIdleState)
    UART_SetConfig                           0x080020d1   Thumb Code   300  stm32f0xx_hal_uart.o(i.UART_SetConfig)
    UART_WaitOnFlagUntilTimeout              0x08002219   Thumb Code   156  stm32f0xx_hal_uart.o(i.UART_WaitOnFlagUntilTimeout)
    USART1_IRQHandler                        0x080022b5   Thumb Code    10  stm32f0xx_it.o(i.USART1_IRQHandler)
    __0printf                                0x080022c5   Thumb Code    24  printfa.o(i.__0printf)
    __1printf                                0x080022c5   Thumb Code     0  printfa.o(i.__0printf)
    __2printf                                0x080022c5   Thumb Code     0  printfa.o(i.__0printf)
    __c89printf                              0x080022c5   Thumb Code     0  printfa.o(i.__0printf)
    printf                                   0x080022c5   Thumb Code     0  printfa.o(i.__0printf)
    __0snprintf                              0x080022e5   Thumb Code    46  printfa.o(i.__0snprintf)
    __1snprintf                              0x080022e5   Thumb Code     0  printfa.o(i.__0snprintf)
    __2snprintf                              0x080022e5   Thumb Code     0  printfa.o(i.__0snprintf)
    __c89snprintf                            0x080022e5   Thumb Code     0  printfa.o(i.__0snprintf)
    snprintf                                 0x080022e5   Thumb Code     0  printfa.o(i.__0snprintf)
    __0vsnprintf                             0x08002319   Thumb Code    40  printfa.o(i.__0vsnprintf)
    __1vsnprintf                             0x08002319   Thumb Code     0  printfa.o(i.__0vsnprintf)
    __2vsnprintf                             0x08002319   Thumb Code     0  printfa.o(i.__0vsnprintf)
    __c89vsnprintf                           0x08002319   Thumb Code     0  printfa.o(i.__0vsnprintf)
    vsnprintf                                0x08002319   Thumb Code     0  printfa.o(i.__0vsnprintf)
    __ARM_clz                                0x08002345   Thumb Code    46  depilogue.o(i.__ARM_clz)
    __ARM_common_ll_mulss                    0x08002373   Thumb Code    48  fix16.o(i.__ARM_common_ll_mulss)
    __ARM_common_ll_muluu                    0x080023a3   Thumb Code    48  fix16.o(i.__ARM_common_ll_muluu)
    __scatterload_copy                       0x08002419   Thumb Code    14  handlers.o(i.__scatterload_copy)
    __scatterload_null                       0x08002427   Thumb Code     2  handlers.o(i.__scatterload_null)
    __scatterload_zeroinit                   0x08002429   Thumb Code    14  handlers.o(i.__scatterload_zeroinit)
    bb_msg                                   0x08002cfd   Thumb Code    36  bbsensor_utilites.o(i.bb_msg)
    bb_msg_setup                             0x08002d25   Thumb Code    24  bbsensor_utilites.o(i.bb_msg_setup)
    bb_uart_debug_printer                    0x08002d41   Thumb Code   112  main.o(i.bb_uart_debug_printer)
    fix16_add                                0x08002dc9   Thumb Code    18  fix16.o(i.fix16_add)
    fix16_div                                0x08002ddb   Thumb Code   200  fix16.o(i.fix16_div)
    fix16_mul                                0x08002ea3   Thumb Code    54  fix16.o(i.fix16_mul)
    fix16_sub                                0x08002ed9   Thumb Code    18  fix16.o(i.fix16_sub)
    fputc                                    0x08002eed   Thumb Code    20  main.o(i.fputc)
    main                                     0x08002f05   Thumb Code   164  main.o(i.main)
    AHBPrescTable                            0x0800304c   Data          16  system_stm32f0xx.o(.constdata)
    APBPrescTable                            0x0800305c   Data           8  system_stm32f0xx.o(.constdata)
    Region$$Table$$Base                      0x0800307c   Number         0  anon$$obj.o(Region$$Table)
    Region$$Table$$Limit                     0x0800309c   Number         0  anon$$obj.o(Region$$Table)
    uwTickFreq                               0x20000008   Data           1  stm32f0xx_hal.o(.data)
    uwTickPrio                               0x2000000c   Data           4  stm32f0xx_hal.o(.data)
    uwTick                                   0x20000010   Data           4  stm32f0xx_hal.o(.data)
    SystemCoreClock                          0x20000014   Data           4  system_stm32f0xx.o(.data)
    __stdout                                 0x20000018   Data           4  stdout.o(.data)
    hspi1                                    0x2000009c   Data         100  spi.o(.bss)
    hdma_spi1_rx                             0x20000100   Data          68  spi.o(.bss)
    hdma_spi1_tx                             0x20000144   Data          68  spi.o(.bss)
    huart1                                   0x20000188   Data         128  usart.o(.bss)
    hdma_usart1_rx                           0x20000208   Data          68  usart.o(.bss)
    hdma_usart1_tx                           0x2000024c   Data          68  usart.o(.bss)
    __initial_sp                             0x20000690   Data           0  startup_stm32f051x8.o(STACK)



==============================================================================

Memory Map of the image

  Image Entry point : 0x080000bd

  Load Region LR_IROM1 (Base: 0x08000000, Size: 0x000030b8, Max: 0x00010000, ABSOLUTE)

    Execution Region ER_IROM1 (Exec base: 0x08000000, Load base: 0x08000000, Size: 0x0000309c, Max: 0x00010000, ABSOLUTE)

    Exec Addr    Load Addr    Size         Type   Attr      Idx    E Section Name        Object

    0x08000000   0x08000000   0x000000bc   Data   RO          963    RESET               startup_stm32f051x8.o
    0x080000bc   0x080000bc   0x00000000   Code   RO         4122  * .ARM.Collect$$$$00000000  mc_p.l(entry.o)
    0x080000bc   0x080000bc   0x00000004   Code   RO         4453    .ARM.Collect$$$$00000001  mc_p.l(entry2.o)
    0x080000c0   0x080000c0   0x00000004   Code   RO         4456    .ARM.Collect$$$$00000004  mc_p.l(entry5.o)
    0x080000c4   0x080000c4   0x00000000   Code   RO         4458    .ARM.Collect$$$$00000008  mc_p.l(entry7b.o)
    0x080000c4   0x080000c4   0x00000000   Code   RO         4460    .ARM.Collect$$$$0000000A  mc_p.l(entry8b.o)
    0x080000c4   0x080000c4   0x00000008   Code   RO         4461    .ARM.Collect$$$$0000000B  mc_p.l(entry9a.o)
    0x080000cc   0x080000cc   0x00000000   Code   RO         4463    .ARM.Collect$$$$0000000D  mc_p.l(entry10a.o)
    0x080000cc   0x080000cc   0x00000000   Code   RO         4465    .ARM.Collect$$$$0000000F  mc_p.l(entry11a.o)
    0x080000cc   0x080000cc   0x00000004   Code   RO         4454    .ARM.Collect$$$$00002712  mc_p.l(entry2.o)
    0x080000d0   0x080000d0   0x0000001c   Code   RO          964    .text               startup_stm32f051x8.o
    0x080000ec   0x080000ec   0x0000002c   Code   RO         4125    .text               mc_p.l(uidiv.o)
    0x08000118   0x08000118   0x00000060   Code   RO         4129    .text               mc_p.l(uldiv.o)
    0x08000178   0x08000178   0x00000022   Code   RO         4133    .text               mc_p.l(llushr.o)
    0x0800019a   0x0800019a   0x00000024   Code   RO         4135    .text               mc_p.l(memcpya.o)
    0x080001be   0x080001be   0x00000024   Code   RO         4137    .text               mc_p.l(memseta.o)
    0x080001e2   0x080001e2   0x000000b2   Code   RO         4402    .text               mf_p.l(fadd.o)
    0x08000294   0x08000294   0x0000007a   Code   RO         4404    .text               mf_p.l(fmul.o)
    0x0800030e   0x0800030e   0x0000007c   Code   RO         4406    .text               mf_p.l(fdiv.o)
    0x0800038a   0x0800038a   0x00000018   Code   RO         4408    .text               mf_p.l(fscalb.o)
    0x080003a2   0x080003a2   0x00000002   PAD
    0x080003a4   0x080003a4   0x00000164   Code   RO         4410    .text               mf_p.l(dadd.o)
    0x08000508   0x08000508   0x000000d0   Code   RO         4412    .text               mf_p.l(dmul.o)
    0x080005d8   0x080005d8   0x00000016   Code   RO         4414    .text               mf_p.l(fflti.o)
    0x080005ee   0x080005ee   0x0000000e   Code   RO         4416    .text               mf_p.l(ffltui.o)
    0x080005fc   0x080005fc   0x00000032   Code   RO         4420    .text               mf_p.l(ffixi.o)
    0x0800062e   0x0800062e   0x00000028   Code   RO         4424    .text               mf_p.l(f2d.o)
    0x08000656   0x08000656   0x00000020   Code   RO         4468    .text               mc_p.l(llshl.o)
    0x08000676   0x08000676   0x00000026   Code   RO         4470    .text               mc_p.l(llsshr.o)
    0x0800069c   0x0800069c   0x00000000   Code   RO         4479    .text               mc_p.l(iusefp.o)
    0x0800069c   0x0800069c   0x00000082   Code   RO         4480    .text               mf_p.l(fepilogue.o)
    0x0800071e   0x0800071e   0x000000be   Code   RO         4482    .text               mf_p.l(depilogue.o)
    0x080007dc   0x080007dc   0x000000f0   Code   RO         4486    .text               mf_p.l(ddiv.o)
    0x080008cc   0x080008cc   0x00000040   Code   RO         4490    .text               mf_p.l(dfixul.o)
    0x0800090c   0x0800090c   0x00000028   Code   RO         4492    .text               mf_p.l(cdrcmple.o)
    0x08000934   0x08000934   0x00000024   Code   RO         4494    .text               mc_p.l(init.o)
    0x08000958   0x08000958   0x00000024   Code   RO          468    i.DMA1_Channel2_3_IRQHandler  stm32f0xx_it.o
    0x0800097c   0x0800097c   0x00000018   Code   RO          469    i.DMA1_Channel4_5_IRQHandler  stm32f0xx_it.o
    0x08000994   0x08000994   0x00000024   Code   RO         1817    i.DMA_CalcBaseAndBitshift  stm32f0xx_hal_dma.o
    0x080009b8   0x080009b8   0x00000028   Code   RO         1818    i.DMA_SetConfig     stm32f0xx_hal_dma.o
    0x080009e0   0x080009e0   0x00000010   Code   RO          470    i.EXTI0_1_IRQHandler  stm32f0xx_it.o
    0x080009f0   0x080009f0   0x00000002   Code   RO            4    i.Error_Handler     main.o
    0x080009f2   0x080009f2   0x00000048   Code   RO         1820    i.HAL_DMA_Abort_IT  stm32f0xx_hal_dma.o
    0x08000a3a   0x08000a3a   0x0000009c   Code   RO         1824    i.HAL_DMA_IRQHandler  stm32f0xx_hal_dma.o
    0x08000ad6   0x08000ad6   0x00000002   PAD
    0x08000ad8   0x08000ad8   0x00000054   Code   RO         1825    i.HAL_DMA_Init      stm32f0xx_hal_dma.o
    0x08000b2c   0x08000b2c   0x0000006a   Code   RO         1829    i.HAL_DMA_Start_IT  stm32f0xx_hal_dma.o
    0x08000b96   0x08000b96   0x00000002   Code   RO         1756    i.HAL_GPIO_EXTI_Callback  stm32f0xx_hal_gpio.o
    0x08000b98   0x08000b98   0x00000018   Code   RO         1757    i.HAL_GPIO_EXTI_IRQHandler  stm32f0xx_hal_gpio.o
    0x08000bb0   0x08000bb0   0x00000148   Code   RO         1758    i.HAL_GPIO_Init     stm32f0xx_hal_gpio.o
    0x08000cf8   0x08000cf8   0x0000000c   Code   RO         1761    i.HAL_GPIO_TogglePin  stm32f0xx_hal_gpio.o
    0x08000d04   0x08000d04   0x0000000c   Code   RO         1762    i.HAL_GPIO_WritePin  stm32f0xx_hal_gpio.o
    0x08000d10   0x08000d10   0x0000000c   Code   RO         1606    i.HAL_GetTick       stm32f0xx_hal.o
    0x08000d1c   0x08000d1c   0x00000010   Code   RO         1612    i.HAL_IncTick       stm32f0xx_hal.o
    0x08000d2c   0x08000d2c   0x00000020   Code   RO         1613    i.HAL_Init          stm32f0xx_hal.o
    0x08000d4c   0x08000d4c   0x00000048   Code   RO            5    i.HAL_InitTick      main.o
    0x08000d94   0x08000d94   0x00000028   Code   RO          546    i.HAL_MspInit       stm32f0xx_hal_msp.o
    0x08000dbc   0x08000dbc   0x00000018   Code   RO         1915    i.HAL_NVIC_EnableIRQ  stm32f0xx_hal_cortex.o
    0x08000dd4   0x08000dd4   0x00000008   Code   RO         1919    i.HAL_NVIC_SetPriority  stm32f0xx_hal_cortex.o
    0x08000ddc   0x08000ddc   0x000000f8   Code   RO         1567    i.HAL_RCCEx_PeriphCLKConfig  stm32f0xx_hal_rcc_ex.o
    0x08000ed4   0x08000ed4   0x00000108   Code   RO         1474    i.HAL_RCC_ClockConfig  stm32f0xx_hal_rcc.o
    0x08000fdc   0x08000fdc   0x00000020   Code   RO         1481    i.HAL_RCC_GetPCLK1Freq  stm32f0xx_hal_rcc.o
    0x08000ffc   0x08000ffc   0x00000080   Code   RO         1482    i.HAL_RCC_GetSysClockFreq  stm32f0xx_hal_rcc.o
    0x0800107c   0x0800107c   0x00000388   Code   RO         1485    i.HAL_RCC_OscConfig  stm32f0xx_hal_rcc.o
    0x08001404   0x08001404   0x00000002   Code   RO          339    i.HAL_SPI_ErrorCallback  spi.o
    0x08001406   0x08001406   0x00000002   PAD
    0x08001408   0x08001408   0x000000f8   Code   RO         2395    i.HAL_SPI_IRQHandler  stm32f0xx_hal_spi.o
    0x08001500   0x08001500   0x00000030   Code   RO         1923    i.HAL_SYSTICK_Config  stm32f0xx_hal_cortex.o
    0x08001530   0x08001530   0x00000002   Code   RO         4035    i.HAL_UARTEx_WakeupCallback  stm32f0xx_hal_uart_ex.o
    0x08001532   0x08001532   0x00000002   Code   RO         3684    i.HAL_UART_ErrorCallback  stm32f0xx_hal_uart.o
    0x08001534   0x08001534   0x00000160   Code   RO         3687    i.HAL_UART_IRQHandler  stm32f0xx_hal_uart.o
    0x08001694   0x08001694   0x0000006a   Code   RO         3688    i.HAL_UART_Init     stm32f0xx_hal_uart.o
    0x080016fe   0x080016fe   0x00000002   PAD
    0x08001700   0x08001700   0x000000e8   Code   RO          431    i.HAL_UART_MspInit  usart.o
    0x080017e8   0x080017e8   0x000000ce   Code   RO         3697    i.HAL_UART_Transmit  stm32f0xx_hal_uart.o
    0x080018b6   0x080018b6   0x00000002   PAD
    0x080018b8   0x080018b8   0x000000ac   Code   RO         3698    i.HAL_UART_Transmit_DMA  stm32f0xx_hal_uart.o
    0x08001964   0x08001964   0x00000002   Code   RO         3700    i.HAL_UART_TxCpltCallback  stm32f0xx_hal_uart.o
    0x08001966   0x08001966   0x00000002   Code   RO         3701    i.HAL_UART_TxHalfCpltCallback  stm32f0xx_hal_uart.o
    0x08001968   0x08001968   0x00000002   Code   RO          471    i.HardFault_Handler  stm32f0xx_it.o
    0x0800196a   0x0800196a   0x00000002   PAD
    0x0800196c   0x0800196c   0x00000038   Code   RO          268    i.MX_DMA_Init       dma.o
    0x080019a4   0x080019a4   0x000000b4   Code   RO          238    i.MX_GPIO_Init      gpio.o
    0x08001a58   0x08001a58   0x00000038   Code   RO          432    i.MX_USART1_UART_Init  usart.o
    0x08001a90   0x08001a90   0x00000002   Code   RO          472    i.NMI_Handler       stm32f0xx_it.o
    0x08001a92   0x08001a92   0x00000002   Code   RO          473    i.PendSV_Handler    stm32f0xx_it.o
    0x08001a94   0x08001a94   0x00000010   Code   RO          474    i.SPI1_IRQHandler   stm32f0xx_it.o
    0x08001aa4   0x08001aa4   0x00000012   Code   RO         2423    i.SPI_DMAAbortOnError  stm32f0xx_hal_spi.o
    0x08001ab6   0x08001ab6   0x00000002   Code   RO          475    i.SVC_Handler       stm32f0xx_it.o
    0x08001ab8   0x08001ab8   0x00000008   Code   RO          476    i.SysTick_Handler   stm32f0xx_it.o
    0x08001ac0   0x08001ac0   0x00000064   Code   RO            6    i.SystemClock_Config  main.o
    0x08001b24   0x08001b24   0x00000002   Code   RO         4081    i.SystemInit        system_stm32f0xx.o
    0x08001b26   0x08001b26   0x00000002   PAD
    0x08001b28   0x08001b28   0x000001d8   Code   RO            7    i.Test_Delay_fix16  main.o
    0x08001d00   0x08001d00   0x000001e0   Code   RO            8    i.Test_Delay_float  main.o
    0x08001ee0   0x08001ee0   0x000000ca   Code   RO         3702    i.UART_AdvFeatureConfig  stm32f0xx_hal_uart.o
    0x08001faa   0x08001faa   0x00000002   PAD
    0x08001fac   0x08001fac   0x00000060   Code   RO         3703    i.UART_CheckIdleState  stm32f0xx_hal_uart.o
    0x0800200c   0x0800200c   0x00000014   Code   RO         3704    i.UART_DMAAbortOnError  stm32f0xx_hal_uart.o
    0x08002020   0x08002020   0x00000048   Code   RO         3705    i.UART_DMAError     stm32f0xx_hal_uart.o
    0x08002068   0x08002068   0x0000002e   Code   RO         3710    i.UART_DMATransmitCplt  stm32f0xx_hal_uart.o
    0x08002096   0x08002096   0x0000000a   Code   RO         3712    i.UART_DMATxHalfCplt  stm32f0xx_hal_uart.o
    0x080020a0   0x080020a0   0x00000020   Code   RO         3714    i.UART_EndRxTransfer  stm32f0xx_hal_uart.o
    0x080020c0   0x080020c0   0x00000010   Code   RO         3715    i.UART_EndTxTransfer  stm32f0xx_hal_uart.o
    0x080020d0   0x080020d0   0x00000148   Code   RO         3718    i.UART_SetConfig    stm32f0xx_hal_uart.o
    0x08002218   0x08002218   0x0000009c   Code   RO         3721    i.UART_WaitOnFlagUntilTimeout  stm32f0xx_hal_uart.o
    0x080022b4   0x080022b4   0x00000010   Code   RO          477    i.USART1_IRQHandler  stm32f0xx_it.o
    0x080022c4   0x080022c4   0x00000020   Code   RO         4374    i.__0printf         mc_p.l(printfa.o)
    0x080022e4   0x080022e4   0x00000034   Code   RO         4375    i.__0snprintf       mc_p.l(printfa.o)
    0x08002318   0x08002318   0x0000002c   Code   RO         4379    i.__0vsnprintf      mc_p.l(printfa.o)
    0x08002344   0x08002344   0x0000002e   Code   RO         4484    i.__ARM_clz         mf_p.l(depilogue.o)
    0x08002372   0x08002372   0x00000030   Code   RO          949    i.__ARM_common_ll_mulss  fix16.o
    0x080023a2   0x080023a2   0x00000030   Code   RO          947    i.__ARM_common_ll_muluu  fix16.o
    0x080023d2   0x080023d2   0x00000002   PAD
    0x080023d4   0x080023d4   0x00000044   Code   RO         1925    i.__NVIC_SetPriority  stm32f0xx_hal_cortex.o
    0x08002418   0x08002418   0x0000000e   Code   RO         4502    i.__scatterload_copy  mc_p.l(handlers.o)
    0x08002426   0x08002426   0x00000002   Code   RO         4503    i.__scatterload_null  mc_p.l(handlers.o)
    0x08002428   0x08002428   0x0000000e   Code   RO         4504    i.__scatterload_zeroinit  mc_p.l(handlers.o)
    0x08002436   0x08002436   0x00000002   PAD
    0x08002438   0x08002438   0x00000174   Code   RO         4381    i._fp_digits        mc_p.l(printfa.o)
    0x080025ac   0x080025ac   0x000006ec   Code   RO         4382    i._printf_core      mc_p.l(printfa.o)
    0x08002c98   0x08002c98   0x00000020   Code   RO         4383    i._printf_post_padding  mc_p.l(printfa.o)
    0x08002cb8   0x08002cb8   0x0000002c   Code   RO         4384    i._printf_pre_padding  mc_p.l(printfa.o)
    0x08002ce4   0x08002ce4   0x00000016   Code   RO         4385    i._snputc           mc_p.l(printfa.o)
    0x08002cfa   0x08002cfa   0x00000002   PAD
    0x08002cfc   0x08002cfc   0x00000028   Code   RO          698    i.bb_msg            bbsensor_utilites.o
    0x08002d24   0x08002d24   0x0000001c   Code   RO          701    i.bb_msg_setup      bbsensor_utilites.o
    0x08002d40   0x08002d40   0x00000088   Code   RO           10    i.bb_uart_debug_printer  main.o
    0x08002dc8   0x08002dc8   0x00000012   Code   RO          869    i.fix16_add         fix16.o
    0x08002dda   0x08002dda   0x000000c8   Code   RO          870    i.fix16_div         fix16.o
    0x08002ea2   0x08002ea2   0x00000036   Code   RO          875    i.fix16_mul         fix16.o
    0x08002ed8   0x08002ed8   0x00000012   Code   RO          880    i.fix16_sub         fix16.o
    0x08002eea   0x08002eea   0x00000002   PAD
    0x08002eec   0x08002eec   0x00000018   Code   RO           11    i.fputc             main.o
    0x08002f04   0x08002f04   0x00000130   Code   RO           12    i.main              main.o
    0x08003034   0x08003034   0x00000018   Data   RO           14    .constdata          main.o
    0x0800304c   0x0800304c   0x00000010   Data   RO         4082    .constdata          system_stm32f0xx.o
    0x0800305c   0x0800305c   0x00000008   Data   RO         4083    .constdata          system_stm32f0xx.o
    0x08003064   0x08003064   0x00000015   Data   RO           15    .conststring        main.o
    0x08003079   0x08003079   0x00000003   PAD
    0x0800307c   0x0800307c   0x00000020   Data   RO         4500    Region$$Table       anon$$obj.o


    Execution Region RW_IRAM1 (Exec base: 0x20000000, Load base: 0x0800309c, Size: 0x00000690, Max: 0x00002000, ABSOLUTE)

    Exec Addr    Load Addr    Size         Type   Attr      Idx    E Section Name        Object

    0x20000000   0x0800309c   0x00000008   Data   RW          702    .data               bbsensor_utilites.o
    0x20000008   0x080030a4   0x0000000c   Data   RW         1620    .data               stm32f0xx_hal.o
    0x20000014   0x080030b0   0x00000004   Data   RW         4084    .data               system_stm32f0xx.o
    0x20000018   0x080030b4   0x00000004   Data   RW         4467    .data               mc_p.l(stdout.o)
    0x2000001c        -       0x00000080   Zero   RW           13    .bss                main.o
    0x2000009c        -       0x000000ec   Zero   RW          350    .bss                spi.o
    0x20000188        -       0x00000108   Zero   RW          433    .bss                usart.o
    0x20000290        -       0x00000400   Zero   RW          961    STACK               startup_stm32f051x8.o


==============================================================================

Image component sizes


      Code (inc. data)   RO Data    RW Data    ZI Data      Debug   Object Name

        68          8          0          8          0       1520   bbsensor_utilites.o
        56          4          0          0          0        802   dma.o
       386          0          0          0          0       6646   fix16.o
       180         12          0          0          0       1007   gpio.o
      1590        514         45          0        128     313281   main.o
         2          0          0          0        236       1102   spi.o
        28          8        188          0       1024        616   startup_stm32f051x8.o
        60         16          0         12          0       7122   stm32f0xx_hal.o
       148         24          0          0          0      10445   stm32f0xx_hal_cortex.o
       494         16          0          0          0       5006   stm32f0xx_hal_dma.o
       378         32          0          0          0       4093   stm32f0xx_hal_gpio.o
        40          6          0          0          0        882   stm32f0xx_hal_msp.o
      1328         92          0          0          0       4705   stm32f0xx_hal_rcc.o
       248         12          0          0          0       1432   stm32f0xx_hal_rcc_ex.o
       266          4          0          0          0       2105   stm32f0xx_hal_spi.o
      1820         58          0          0          0      13696   stm32f0xx_hal_uart.o
         2          0          0          0          0       1036   stm32f0xx_hal_uart_ex.o
       124         30          0          0          0       4744   stm32f0xx_it.o
         2          0         24          4          0       1195   system_stm32f0xx.o
       288         28          0          0        264       1936   usart.o

    ----------------------------------------------------------------------
      7526        864        292         24       1652     383371   Object Totals
         0          0         32          0          0          0   (incl. Generated)
        18          0          3          0          0          0   (incl. Padding)

    ----------------------------------------------------------------------

      Code (inc. data)   RO Data    RW Data    ZI Data      Debug   Library Member Name

         0          0          0          0          0          0   entry.o
         0          0          0          0          0          0   entry10a.o
         0          0          0          0          0          0   entry11a.o
         8          4          0          0          0          0   entry2.o
         4          0          0          0          0          0   entry5.o
         0          0          0          0          0          0   entry7b.o
         0          0          0          0          0          0   entry8b.o
         8          4          0          0          0          0   entry9a.o
        30          0          0          0          0          0   handlers.o
        36          8          0          0          0         68   init.o
         0          0          0          0          0          0   iusefp.o
        32          0          0          0          0         68   llshl.o
        38          0          0          0          0         68   llsshr.o
        34          0          0          0          0         68   llushr.o
        36          0          0          0          0         60   memcpya.o
        36          0          0          0          0        100   memseta.o
      2370        108          0          0          0        628   printfa.o
         0          0          0          4          0          0   stdout.o
        44          0          0          0          0         72   uidiv.o
        96          0          0          0          0         84   uldiv.o
        40          2          0          0          0         68   cdrcmple.o
       356          4          0          0          0        140   dadd.o
       240          6          0          0          0         84   ddiv.o
       236          0          0          0          0        216   depilogue.o
        64         10          0          0          0         68   dfixul.o
       208          6          0          0          0         88   dmul.o
        40          0          0          0          0         60   f2d.o
       178          0          0          0          0        108   fadd.o
       124          0          0          0          0         72   fdiv.o
       130          0          0          0          0        144   fepilogue.o
        50          0          0          0          0         60   ffixi.o
        22          0          0          0          0         68   fflti.o
        14          0          0          0          0         68   ffltui.o
       122          0          0          0          0         72   fmul.o
        24          0          0          0          0         60   fscalb.o

    ----------------------------------------------------------------------
      4626        152          0          4          0       2592   Library Totals
         6          0          0          0          0          0   (incl. Padding)

    ----------------------------------------------------------------------

      Code (inc. data)   RO Data    RW Data    ZI Data      Debug   Library Name

      2772        124          0          4          0       1216   mc_p.l
      1848         28          0          0          0       1376   mf_p.l

    ----------------------------------------------------------------------
      4626        152          0          4          0       2592   Library Totals

    ----------------------------------------------------------------------

==============================================================================


      Code (inc. data)   RO Data    RW Data    ZI Data      Debug   

     12152       1016        292         28       1652     381575   Grand Totals
     12152       1016        292         28       1652     381575   ELF Image Totals
     12152       1016        292         28          0          0   ROM Totals

==============================================================================

    Total RO  Size (Code + RO Data)                12444 (  12.15kB)
    Total RW  Size (RW Data + ZI Data)              1680 (   1.64kB)
    Total ROM Size (Code + RO Data + RW Data)      12472 (  12.18kB)

==============================================================================

